C:/Users/UL/Desktop/Ankit/STSPIN3201_Portscape-Test/Src/main.c:169:6:Mode_Home	32	static
C:/Users/UL/Desktop/Ankit/STSPIN3201_Portscape-Test/Src/main.c:300:6:Mode_Home3	32	static
C:/Users/UL/Desktop/Ankit/STSPIN3201_Portscape-Test/Src/main.c:286:6:Home_Offset	8	static
C:/Users/UL/Desktop/Ankit/STSPIN3201_Portscape-Test/Src/main.c:399:6:Mode_Home2	32	static
C:/Users/UL/Desktop/Ankit/STSPIN3201_Portscape-Test/Src/main.c:501:6:Home_Null_Offset	0	static
C:/Users/UL/Desktop/Ankit/STSPIN3201_Portscape-Test/Src/main.c:511:6:SystemClock_Config	96	static,ignoring_inline_asm
C:/Users/UL/Desktop/Ankit/STSPIN3201_Portscape-Test/Src/main.c:106:5:main	112	static,ignoring_inline_asm
C:/Users/UL/Desktop/Ankit/STSPIN3201_Portscape-Test/Src/main.c:940:6:Error_Handler	0	static,ignoring_inline_asm
C:/Users/UL/Desktop/Ankit/STSPIN3201_Portscape-Test/Src/main.c:969:6:MainWhile_Homing	0	static
C:/Users/UL/Desktop/Ankit/STSPIN3201_Portscape-Test/Src/main.c:1084:6:OSC_MODE_HOME2	24	static
C:/Users/UL/Desktop/Ankit/STSPIN3201_Portscape-Test/Src/main.c:1197:6:OSC_MODE_HOME	32	static
