../../Drivers/STM32F0xx_HAL_Driver/Inc/stm32f0xx_ll_gpio.h:665:22:LL_GPIO_LockPin	8	static
C:/Users/UL/Desktop/Ankit/STSPIN3201_Portscape-Test/Src/mc_tasks.c:114:6:Enable_BacktoHome	8	static
C:/Users/UL/Desktop/Ankit/STSPIN3201_Portscape-Test/Src/mc_tasks.c:457:13:FOC_Clear	16	static
C:/Users/UL/Desktop/Ankit/STSPIN3201_Portscape-Test/Src/mc_tasks.c:132:13:MCboot	48	static
C:/Users/UL/Desktop/Ankit/STSPIN3201_Portscape-Test/Src/mc_tasks.c:493:13:FOC_InitAdditionalMethods	0	static
C:/Users/UL/Desktop/Ankit/STSPIN3201_Portscape-Test/Src/mc_tasks.c:510:13:FOC_CalcCurrRef	8	static
C:/Users/UL/Desktop/Ankit/STSPIN3201_Portscape-Test/Src/mc_tasks.c:533:13:TSK_SetChargeBootCapDelayM1	0	static
C:/Users/UL/Desktop/Ankit/STSPIN3201_Portscape-Test/Src/mc_tasks.c:544:13:TSK_ChargeBootCapDelayHasElapsedM1	0	static
C:/Users/UL/Desktop/Ankit/STSPIN3201_Portscape-Test/Src/mc_tasks.c:560:13:TSK_SetStopPermanencyTimeM1	0	static
C:/Users/UL/Desktop/Ankit/STSPIN3201_Portscape-Test/Src/mc_tasks.c:571:13:TSK_StopPermanencyTimeHasElapsedM1	0	static
C:/Users/UL/Desktop/Ankit/STSPIN3201_Portscape-Test/Src/mc_tasks.c:322:13:TSK_MediumFrequencyTaskM1	32	static
C:/Users/UL/Desktop/Ankit/STSPIN3201_Portscape-Test/Src/mc_tasks.c:277:13:MC_Scheduler	16	static
C:/Users/UL/Desktop/Ankit/STSPIN3201_Portscape-Test/Src/mc_tasks.c:596:16:TSK_HighFrequencyTask	56	static
C:/Users/UL/Desktop/Ankit/STSPIN3201_Portscape-Test/Src/mc_tasks.c:710:13:TSK_SafetyTask_PWMOFF	24	static
C:/Users/UL/Desktop/Ankit/STSPIN3201_Portscape-Test/Src/mc_tasks.c:688:13:TSK_SafetyTask	8	static
C:/Users/UL/Desktop/Ankit/STSPIN3201_Portscape-Test/Src/mc_tasks.c:257:13:MC_RunMotorControlTasks	8	static
C:/Users/UL/Desktop/Ankit/STSPIN3201_Portscape-Test/Src/mc_tasks.c:761:23:GetMCI	0	static
C:/Users/UL/Desktop/Ankit/STSPIN3201_Portscape-Test/Src/mc_tasks.c:780:22:GetMCT	0	static
C:/Users/UL/Desktop/Ankit/STSPIN3201_Portscape-Test/Src/mc_tasks.c:796:13:TSK_HardwareFaultTask	8	static
C:/Users/UL/Desktop/Ankit/STSPIN3201_Portscape-Test/Src/mc_tasks.c:811:13:mc_lock_pins	16	static
