C:/Users/UL/Desktop/Ankit/STSPIN3201_Portscape-Test/Src/user_interface.c:61:13:UI_Init	0	static
C:/Users/UL/Desktop/Ankit/STSPIN3201_Portscape-Test/Src/user_interface.c:77:13:UI_SelectMC	0	static
C:/Users/UL/Desktop/Ankit/STSPIN3201_Portscape-Test/Src/user_interface.c:96:16:UI_GetSelectedMC	0	static
C:/Users/UL/Desktop/Ankit/STSPIN3201_Portscape-Test/Src/user_interface.c:108:17:UI_GetSelectedMCConfig	0	static
C:/Users/UL/Desktop/Ankit/STSPIN3201_Portscape-Test/Src/user_interface.c:121:13:UI_SetReg	24	static
C:/Users/UL/Desktop/Ankit/STSPIN3201_Portscape-Test/Src/user_interface.c:636:13:UI_ExecCmd	16	static
C:/Users/UL/Desktop/Ankit/STSPIN3201_Portscape-Test/Src/user_interface.c:740:13:UI_ExecSpeedRamp	16	static
C:/Users/UL/Desktop/Ankit/STSPIN3201_Portscape-Test/Src/user_interface.c:757:13:UI_ExecTorqueRamp	8	static
C:/Users/UL/Desktop/Ankit/STSPIN3201_Portscape-Test/Src/user_interface.c:783:13:UI_GetRevupData	24	static
C:/Users/UL/Desktop/Ankit/STSPIN3201_Portscape-Test/Src/user_interface.c:814:13:UI_SetRevupData	24	static
C:/Users/UL/Desktop/Ankit/STSPIN3201_Portscape-Test/Src/user_interface.c:835:13:UI_SetCurrentReferences	16	static
C:/Users/UL/Desktop/Ankit/STSPIN3201_Portscape-Test/Src/user_interface.c:854:13:UI_GetMPInfo	0	static
C:/Users/UL/Desktop/Ankit/STSPIN3201_Portscape-Test/Src/user_interface.c:864:13:UI_DACInit	8	static
C:/Users/UL/Desktop/Ankit/STSPIN3201_Portscape-Test/Src/user_interface.c:877:6:UI_DACExec	8	static
C:/Users/UL/Desktop/Ankit/STSPIN3201_Portscape-Test/Src/user_interface.c:895:6:UI_SetDAC	8	static
C:/Users/UL/Desktop/Ankit/STSPIN3201_Portscape-Test/Src/user_interface.c:912:26:UI_GetDAC	8	static
C:/Users/UL/Desktop/Ankit/STSPIN3201_Portscape-Test/Src/user_interface.c:241:16:UI_GetReg	64	static
C:/Users/UL/Desktop/Ankit/STSPIN3201_Portscape-Test/Src/user_interface.c:929:13:UI_SetUserDAC	8	static
