C:/Users/UL/Desktop/Ankit/STSPIN3201_Portscape-Test/Src/user_interface.c:61:13:UI_Init	0	static
C:/Users/UL/Desktop/Ankit/STSPIN3201_Portscape-Test/Src/user_interface.c:76:13:UI_SelectMC	0	static
C:/Users/UL/Desktop/Ankit/STSPIN3201_Portscape-Test/Src/user_interface.c:95:16:UI_GetSelectedMC	0	static
C:/Users/UL/Desktop/Ankit/STSPIN3201_Portscape-Test/Src/user_interface.c:107:17:UI_GetSelectedMCConfig	0	static
C:/Users/UL/Desktop/Ankit/STSPIN3201_Portscape-Test/Src/user_interface.c:120:13:UI_SetReg	24	static
C:/Users/UL/Desktop/Ankit/STSPIN3201_Portscape-Test/Src/user_interface.c:635:13:UI_ExecCmd	16	static
C:/Users/UL/Desktop/Ankit/STSPIN3201_Portscape-Test/Src/user_interface.c:746:13:UI_ExecSpeedRamp	16	static
C:/Users/UL/Desktop/Ankit/STSPIN3201_Portscape-Test/Src/user_interface.c:763:13:UI_ExecTorqueRamp	8	static
C:/Users/UL/Desktop/Ankit/STSPIN3201_Portscape-Test/Src/user_interface.c:789:13:UI_GetRevupData	24	static
C:/Users/UL/Desktop/Ankit/STSPIN3201_Portscape-Test/Src/user_interface.c:820:13:UI_SetRevupData	24	static
C:/Users/UL/Desktop/Ankit/STSPIN3201_Portscape-Test/Src/user_interface.c:841:13:UI_SetCurrentReferences	16	static
C:/Users/UL/Desktop/Ankit/STSPIN3201_Portscape-Test/Src/user_interface.c:860:13:UI_GetMPInfo	0	static
C:/Users/UL/Desktop/Ankit/STSPIN3201_Portscape-Test/Src/user_interface.c:870:13:UI_DACInit	8	static
C:/Users/UL/Desktop/Ankit/STSPIN3201_Portscape-Test/Src/user_interface.c:883:6:UI_DACExec	8	static
C:/Users/UL/Desktop/Ankit/STSPIN3201_Portscape-Test/Src/user_interface.c:901:6:UI_SetDAC	8	static
C:/Users/UL/Desktop/Ankit/STSPIN3201_Portscape-Test/Src/user_interface.c:918:26:UI_GetDAC	8	static
C:/Users/UL/Desktop/Ankit/STSPIN3201_Portscape-Test/Src/user_interface.c:240:16:UI_GetReg	64	static
C:/Users/UL/Desktop/Ankit/STSPIN3201_Portscape-Test/Src/user_interface.c:935:13:UI_SetUserDAC	8	static
