Archive member included to satisfy reference by file (symbol)

../../MCSDK_v5.4.8/MotorControl/lib\libmc-gcc_M0.lib(revup_ctrl.o)
                              ./Application/User/user_interface.o (RUC_SetPhaseDurationms)
../../MCSDK_v5.4.8/MotorControl/lib\libmc-gcc_M0.lib(fast_div.o)
                              ./Middlewares/MotorControl/ramp_ext_mngr.o (FD_Init)
c:/st/stm32cubeide_1.10.0/stm32cubeide/plugins/com.st.stm32cube.ide.mcu.externaltools.gnu-tools-for-stm32.10.3-2021.10.win32_1.0.0.202111181127/tools/bin/../lib/gcc/arm-none-eabi/10.3.1/../../../../arm-none-eabi/lib/thumb/v6-m/nofp\libc_nano.a(lib_a-errno.o)
                              ./Application/User/syscalls.o (__errno)
c:/st/stm32cubeide_1.10.0/stm32cubeide/plugins/com.st.stm32cube.ide.mcu.externaltools.gnu-tools-for-stm32.10.3-2021.10.win32_1.0.0.202111181127/tools/bin/../lib/gcc/arm-none-eabi/10.3.1/../../../../arm-none-eabi/lib/thumb/v6-m/nofp\libc_nano.a(lib_a-exit.o)
                              c:/st/stm32cubeide_1.10.0/stm32cubeide/plugins/com.st.stm32cube.ide.mcu.externaltools.gnu-tools-for-stm32.10.3-2021.10.win32_1.0.0.202111181127/tools/bin/../lib/gcc/arm-none-eabi/10.3.1/../../../../arm-none-eabi/lib/thumb/v6-m/nofp/crt0.o (exit)
c:/st/stm32cubeide_1.10.0/stm32cubeide/plugins/com.st.stm32cube.ide.mcu.externaltools.gnu-tools-for-stm32.10.3-2021.10.win32_1.0.0.202111181127/tools/bin/../lib/gcc/arm-none-eabi/10.3.1/../../../../arm-none-eabi/lib/thumb/v6-m/nofp\libc_nano.a(lib_a-impure.o)
                              c:/st/stm32cubeide_1.10.0/stm32cubeide/plugins/com.st.stm32cube.ide.mcu.externaltools.gnu-tools-for-stm32.10.3-2021.10.win32_1.0.0.202111181127/tools/bin/../lib/gcc/arm-none-eabi/10.3.1/../../../../arm-none-eabi/lib/thumb/v6-m/nofp\libc_nano.a(lib_a-exit.o) (_global_impure_ptr)
c:/st/stm32cubeide_1.10.0/stm32cubeide/plugins/com.st.stm32cube.ide.mcu.externaltools.gnu-tools-for-stm32.10.3-2021.10.win32_1.0.0.202111181127/tools/bin/../lib/gcc/arm-none-eabi/10.3.1/../../../../arm-none-eabi/lib/thumb/v6-m/nofp\libc_nano.a(lib_a-init.o)
                              c:/st/stm32cubeide_1.10.0/stm32cubeide/plugins/com.st.stm32cube.ide.mcu.externaltools.gnu-tools-for-stm32.10.3-2021.10.win32_1.0.0.202111181127/tools/bin/../lib/gcc/arm-none-eabi/10.3.1/../../../../arm-none-eabi/lib/thumb/v6-m/nofp/crt0.o (__libc_init_array)
c:/st/stm32cubeide_1.10.0/stm32cubeide/plugins/com.st.stm32cube.ide.mcu.externaltools.gnu-tools-for-stm32.10.3-2021.10.win32_1.0.0.202111181127/tools/bin/../lib/gcc/arm-none-eabi/10.3.1/../../../../arm-none-eabi/lib/thumb/v6-m/nofp\libc_nano.a(lib_a-memcpy-stub.o)
                              ./Application/User/mc_interface.o (memcpy)
c:/st/stm32cubeide_1.10.0/stm32cubeide/plugins/com.st.stm32cube.ide.mcu.externaltools.gnu-tools-for-stm32.10.3-2021.10.win32_1.0.0.202111181127/tools/bin/../lib/gcc/arm-none-eabi/10.3.1/../../../../arm-none-eabi/lib/thumb/v6-m/nofp\libc_nano.a(lib_a-memset.o)
                              c:/st/stm32cubeide_1.10.0/stm32cubeide/plugins/com.st.stm32cube.ide.mcu.externaltools.gnu-tools-for-stm32.10.3-2021.10.win32_1.0.0.202111181127/tools/bin/../lib/gcc/arm-none-eabi/10.3.1/../../../../arm-none-eabi/lib/thumb/v6-m/nofp/crt0.o (memset)
c:/st/stm32cubeide_1.10.0/stm32cubeide/plugins/com.st.stm32cube.ide.mcu.externaltools.gnu-tools-for-stm32.10.3-2021.10.win32_1.0.0.202111181127/tools/bin/../lib/gcc/arm-none-eabi/10.3.1/../../../../arm-none-eabi/lib/thumb/v6-m/nofp\libc_nano.a(lib_a-sprintf.o)
                              ./Application/User/main.o (sprintf)
c:/st/stm32cubeide_1.10.0/stm32cubeide/plugins/com.st.stm32cube.ide.mcu.externaltools.gnu-tools-for-stm32.10.3-2021.10.win32_1.0.0.202111181127/tools/bin/../lib/gcc/arm-none-eabi/10.3.1/../../../../arm-none-eabi/lib/thumb/v6-m/nofp\libc_nano.a(lib_a-nano-svfprintf.o)
                              c:/st/stm32cubeide_1.10.0/stm32cubeide/plugins/com.st.stm32cube.ide.mcu.externaltools.gnu-tools-for-stm32.10.3-2021.10.win32_1.0.0.202111181127/tools/bin/../lib/gcc/arm-none-eabi/10.3.1/../../../../arm-none-eabi/lib/thumb/v6-m/nofp\libc_nano.a(lib_a-sprintf.o) (_svfprintf_r)
c:/st/stm32cubeide_1.10.0/stm32cubeide/plugins/com.st.stm32cube.ide.mcu.externaltools.gnu-tools-for-stm32.10.3-2021.10.win32_1.0.0.202111181127/tools/bin/../lib/gcc/arm-none-eabi/10.3.1/../../../../arm-none-eabi/lib/thumb/v6-m/nofp\libc_nano.a(lib_a-nano-vfprintf_i.o)
                              c:/st/stm32cubeide_1.10.0/stm32cubeide/plugins/com.st.stm32cube.ide.mcu.externaltools.gnu-tools-for-stm32.10.3-2021.10.win32_1.0.0.202111181127/tools/bin/../lib/gcc/arm-none-eabi/10.3.1/../../../../arm-none-eabi/lib/thumb/v6-m/nofp\libc_nano.a(lib_a-nano-svfprintf.o) (_printf_i)
c:/st/stm32cubeide_1.10.0/stm32cubeide/plugins/com.st.stm32cube.ide.mcu.externaltools.gnu-tools-for-stm32.10.3-2021.10.win32_1.0.0.202111181127/tools/bin/../lib/gcc/arm-none-eabi/10.3.1/../../../../arm-none-eabi/lib/thumb/v6-m/nofp\libc_nano.a(lib_a-memchr-stub.o)
[...]
Memory Configuration

Name             Origin             Length             Attributes
RAM              0x0000000020000000 0x0000000000001000 xrw
FLASH            0x0000000008000000 0x0000000000008000 xr
*default*        0x0000000000000000 0xffffffffffffffff

Linker script and memory map

LOAD c:/st/stm32cubeide_1.10.0/stm32cubeide/plugins/com.st.stm32cube.ide.mcu.externaltools.gnu-tools-for-stm32.10.3-2021.10.win32_1.0.0.202111181127/tools/bin/../lib/gcc/arm-none-eabi/10.3.1/thumb/v6-m/nofp/crti.o
LOAD c:/st/stm32cubeide_1.10.0/stm32cubeide/plugins/com.st.stm32cube.ide.mcu.externaltools.gnu-tools-for-stm32.10.3-2021.10.win32_1.0.0.202111181127/tools/bin/../lib/gcc/arm-none-eabi/10.3.1/thumb/v6-m/nofp/crtbegin.o
LOAD c:/st/stm32cubeide_1.10.0/stm32cubeide/plugins/com.st.stm32cube.ide.mcu.externaltools.gnu-tools-for-stm32.10.3-2021.10.win32_1.0.0.202111181127/tools/bin/../lib/gcc/arm-none-eabi/10.3.1/../../../../arm-none-eabi/lib/thumb/v6-m/nofp/crt0.o
LOAD ./Application/Startup/startup_stm32f031c6tx.o
LOAD ./Application/User/dac_rctimer_ui.o
LOAD ./Application/User/main.o
LOAD ./Application/User/mc_api.o
LOAD ./Application/User/mc_config.o
LOAD ./Application/User/mc_interface.o
LOAD ./Application/User/mc_math.o
LOAD ./Application/User/mc_parameters.o
LOAD ./Application/User/mc_tasks.o
LOAD ./Application/User/motor_control_protocol.o
LOAD ./Application/User/motorcontrol.o
LOAD ./Application/User/regular_conversion_manager.o
LOAD ./Application/User/stm32f0xx_hal_msp.o
LOAD ./Application/User/stm32f0xx_it.o
LOAD ./Application/User/stm32f0xx_mc_it.o
LOAD ./Application/User/syscalls.o
LOAD ./Application/User/sysmem.o
LOAD ./Application/User/ui_task.o
LOAD ./Application/User/user_interface.o
LOAD ./Drivers/CMSIS/system_stm32f0xx.o
LOAD ./Drivers/STM32F0xx_HAL_Driver/stm32f0xx_hal.o
LOAD ./Drivers/STM32F0xx_HAL_Driver/stm32f0xx_hal_adc.o
LOAD ./Drivers/STM32F0xx_HAL_Driver/stm32f0xx_hal_adc_ex.o
LOAD ./Drivers/STM32F0xx_HAL_Driver/stm32f0xx_hal_cortex.o
LOAD ./Drivers/STM32F0xx_HAL_Driver/stm32f0xx_hal_dma.o
LOAD ./Drivers/STM32F0xx_HAL_Driver/stm32f0xx_hal_exti.o
LOAD ./Drivers/STM32F0xx_HAL_Driver/stm32f0xx_hal_flash.o
LOAD ./Drivers/STM32F0xx_HAL_Driver/stm32f0xx_hal_flash_ex.o
LOAD ./Drivers/STM32F0xx_HAL_Driver/stm32f0xx_hal_gpio.o
LOAD ./Drivers/STM32F0xx_HAL_Driver/stm32f0xx_hal_i2c.o
LOAD ./Drivers/STM32F0xx_HAL_Driver/stm32f0xx_hal_i2c_ex.o
LOAD ./Drivers/STM32F0xx_HAL_Driver/stm32f0xx_hal_pwr.o
LOAD ./Drivers/STM32F0xx_HAL_Driver/stm32f0xx_hal_pwr_ex.o
LOAD ./Drivers/STM32F0xx_HAL_Driver/stm32f0xx_hal_rcc.o
LOAD ./Drivers/STM32F0xx_HAL_Driver/stm32f0xx_hal_rcc_ex.o
LOAD ./Drivers/STM32F0xx_HAL_Driver/stm32f0xx_hal_tim.o
LOAD ./Drivers/STM32F0xx_HAL_Driver/stm32f0xx_hal_tim_ex.o
LOAD ./Drivers/STM32F0xx_HAL_Driver/stm32f0xx_hal_uart.o
LOAD ./Drivers/STM32F0xx_HAL_Driver/stm32f0xx_hal_uart_ex.o
LOAD ./Middlewares/MotorControl/bus_voltage_sensor.o
LOAD ./Middlewares/MotorControl/circle_limitation.o
LOAD ./Middlewares/MotorControl/dac_common_ui.o
LOAD ./Middlewares/MotorControl/digital_output.o
LOAD ./Middlewares/MotorControl/frame_communication_protocol.o
LOAD ./Middlewares/MotorControl/hall_speed_pos_fdbk.o
LOAD ./Middlewares/MotorControl/motor_power_measurement.o
LOAD ./Middlewares/MotorControl/ntc_temperature_sensor.o
LOAD ./Middlewares/MotorControl/open_loop.o
LOAD ./Middlewares/MotorControl/pid_regulator.o
LOAD ./Middlewares/MotorControl/pqd_motor_power_measurement.o
LOAD ./Middlewares/MotorControl/pwm_common.o
LOAD ./Middlewares/MotorControl/pwm_curr_fdbk.o
LOAD ./Middlewares/MotorControl/r3_f0xx_pwm_curr_fdbk.o
LOAD ./Middlewares/MotorControl/r_divider_bus_voltage_sensor.o
LOAD ./Middlewares/MotorControl/ramp_ext_mngr.o
LOAD ./Middlewares/MotorControl/speed_pos_fdbk.o
LOAD ./Middlewares/MotorControl/speed_torq_ctrl.o
LOAD ./Middlewares/MotorControl/state_machine.o
LOAD ./Middlewares/MotorControl/ui_irq_handler.o
LOAD ./Middlewares/MotorControl/usart_frame_communication_protocol.o
LOAD ./Middlewares/MotorControl/virtual_speed_sensor.o
LOAD ../../MCSDK_v5.4.8/MotorControl/lib\libmc-gcc_M0.lib
START GROUP
LOAD c:/st/stm32cubeide_1.10.0/stm32cubeide/plugins/com.st.stm32cube.ide.mcu.externaltools.gnu-tools-for-stm32.10.3-2021.10.win32_1.0.0.202111181127/tools/bin/../lib/gcc/arm-none-eabi/10.3.1/../../../../arm-none-eabi/lib/thumb/v6-m/nofp\libc_nano.a
LOAD c:/st/stm32cubeide_1.10.0/stm32cubeide/plugins/com.st.stm32cube.ide.mcu.externaltools.gnu-tools-for-stm32.10.3-2021.10.win32_1.0.0.202111181127/tools/bin/../lib/gcc/arm-none-eabi/10.3.1/../../../../arm-none-eabi/lib/thumb/v6-m/nofp\libm.a
END GROUP
START GROUP
LOAD c:/st/stm32cubeide_1.10.0/stm32cubeide/plugins/com.st.stm32cube.ide.mcu.externaltools.gnu-tools-for-stm32.10.3-2021.10.win32_1.0.0.202111181127/tools/bin/../lib/gcc/arm-none-eabi/10.3.1/thumb/v6-m/nofp\libgcc.a
LOAD c:/st/stm32cubeide_1.10.0/stm32cubeide/plugins/com.st.stm32cube.ide.mcu.externaltools.gnu-tools-for-stm32.10.3-2021.10.win32_1.0.0.202111181127/tools/bin/../lib/gcc/arm-none-eabi/10.3.1/../../../../arm-none-eabi/lib/thumb/v6-m/nofp\libc_nano.a
END GROUP
START GROUP
LOAD c:/st/stm32cubeide_1.10.0/stm32cubeide/plugins/com.st.stm32cube.ide.mcu.externaltools.gnu-tools-for-stm32.10.3-2021.10.win32_1.0.0.202111181127/tools/bin/../lib/gcc/arm-none-eabi/10.3.1/thumb/v6-m/nofp\libgcc.a
LOAD c:/st/stm32cubeide_1.10.0/stm32cubeide/plugins/com.st.stm32cube.ide.mcu.externaltools.gnu-tools-for-stm32.10.3-2021.10.win32_1.0.0.202111181127/tools/bin/../lib/gcc/arm-none-eabi/10.3.1/../../../../arm-none-eabi/lib/thumb/v6-m/nofp\libc_nano.a
LOAD c:/st/stm32cubeide_1.10.0/stm32cubeide/plugins/com.st.stm32cube.ide.mcu.externaltools.gnu-tools-for-stm32.10.3-2021.10.win32_1.0.0.202111181127/tools/bin/../lib/gcc/arm-none-eabi/10.3.1/../../../../arm-none-eabi/lib/thumb/v6-m/nofp\libnosys.a
END GROUP
START GROUP
LOAD c:/st/stm32cubeide_1.10.0/stm32cubeide/plugins/com.st.stm32cube.ide.mcu.externaltools.gnu-tools-for-stm32.10.3-2021.10.win32_1.0.0.202111181127/tools/bin/../lib/gcc/arm-none-eabi/10.3.1/thumb/v6-m/nofp\libgcc.a
LOAD c:/st/stm32cubeide_1.10.0/stm32cubeide/plugins/com.st.stm32cube.ide.mcu.externaltools.gnu-tools-for-stm32.10.3-2021.10.win32_1.0.0.202111181127/tools/bin/../lib/gcc/arm-none-eabi/10.3.1/../../../../arm-none-eabi/lib/thumb/v6-m/nofp\libc_nano.a
LOAD c:/st/stm32cubeide_1.10.0/stm32cubeide/plugins/com.st.stm32cube.ide.mcu.externaltools.gnu-tools-for-stm32.10.3-2021.10.win32_1.0.0.202111181127/tools/bin/../lib/gcc/arm-none-eabi/10.3.1/../../../../arm-none-eabi/lib/thumb/v6-m/nofp\libnosys.a
END GROUP
LOAD c:/st/stm32cubeide_1.10.0/stm32cubeide/plugins/com.st.stm32cube.ide.mcu.externaltools.gnu-tools-for-stm32.10.3-2021.10.win32_1.0.0.202111181127/tools/bin/../lib/gcc/arm-none-eabi/10.3.1/thumb/v6-m/nofp/crtend.o
LOAD c:/st/stm32cubeide_1.10.0/stm32cubeide/plugins/com.st.stm32cube.ide.mcu.externaltools.gnu-tools-for-stm32.10.3-2021.10.win32_1.0.0.202111181127/tools/bin/../lib/gcc/arm-none-eabi/10.3.1/thumb/v6-m/nofp/crtn.o
                0x0000000020001000                _estack = (ORIGIN (RAM) + LENGTH (RAM))
                0x0000000000000080                _Min_Heap_Size = 0x80
                0x0000000000000400                _Min_Stack_Size = 0x400

.isr_vector     0x0000000008000000       0xc0
                0x0000000008000000                . = ALIGN (0x4)
 *(.isr_vector)
 .isr_vector    0x0000000008000000       0xc0 ./Application/Startup/startup_stm32f031c6tx.o
                0x0000000008000000                g_pfnVectors
                0x00000000080000c0                . = ALIGN (0x4)

.text           0x00000000080000c0     0x66c4
                0x00000000080000c0                . = ALIGN (0x4)
 *(.text)
 .text          0x00000000080000c0       0x48 c:/st/stm32cubeide_1.10.0/stm32cubeide/plugins/com.st.stm32cube.ide.mcu.externaltools.gnu-tools-for-stm32.10.3-2021.10.win32_1.0.0.202111181127/tools/bin/../lib/gcc/arm-none-eabi/10.3.1/thumb/v6-m/nofp/crtbegin.o
 .text          0x0000000008000108       0x14 c:/st/stm32cubeide_1.10.0/stm32cubeide/plugins/com.st.stm32cube.ide.mcu.externaltools.gnu-tools-for-stm32.10.3-2021.10.win32_1.0.0.202111181127/tools/bin/../lib/gcc/arm-none-eabi/10.3.1/thumb/v6-m/nofp\libgcc.a(_thumb1_case_sqi.o)
                0x0000000008000108                __gnu_thumb1_case_sqi
 .text          0x000000000800011c       0x14 c:/st/stm32cubeide_1.10.0/stm32cubeide/plugins/com.st.stm32cube.ide.mcu.externaltools.gnu-tools-for-stm32.10.3-2021.10.win32_1.0.0.202111181127/tools/bin/../lib/gcc/arm-none-eabi/10.3.1/thumb/v6-m/nofp\libgcc.a(_thumb1_case_uqi.o)
                0x000000000800011c                __gnu_thumb1_case_uqi
 .text          0x0000000008000130       0x14 c:/st/stm32cubeide_1.10.0/stm32cubeide/plugins/com.st.stm32cube.ide.mcu.externaltools.gnu-tools-for-stm32.10.3-2021.10.win32_1.0.0.202111181127/tools/bin/../lib/gcc/arm-none-eabi/10.3.1/thumb/v6-m/nofp\libgcc.a(_thumb1_case_shi.o)
                0x0000000008000130                __gnu_thumb1_case_shi
 .text          0x0000000008000144       0x14 c:/st/stm32cubeide_1.10.0/stm32cubeide/plugins/com.st.stm32cube.ide.mcu.externaltools.gnu-tools-for-stm32.10.3-2021.10.win32_1.0.0.202111181127/tools/bin/../lib/gcc/arm-none-eabi/10.3.1/thumb/v6-m/nofp\libgcc.a(_thumb1_case_uhi.o)
                0x0000000008000144                __gnu_thumb1_case_uhi
 .text          0x0000000008000158      0x114 c:/st/stm32cubeide_1.10.0/stm32cubeide/plugins/com.st.stm32cube.ide.mcu.externaltools.gnu-tools-for-stm32.10.3-2021.10.win32_1.0.0.202111181127/tools/bin/../lib/gcc/arm-none-eabi/10.3.1/thumb/v6-m/nofp\libgcc.a(_udivsi3.o)
                0x0000000008000158                __aeabi_uidiv
                0x0000000008000158                __udivsi3
                0x0000000008000264                __aeabi_uidivmod
 .text          0x000000000800026c      0x1d4 c:/st/stm32cubeide_1.10.0/stm32cubeide/plugins/com.st.stm32cube.ide.mcu.externaltools.gnu-tools-for-stm32.10.3-2021.10.win32_1.0.0.202111181127/tools/bin/../lib/gcc/arm-none-eabi/10.3.1/thumb/v6-m/nofp\libgcc.a(_divsi3.o)
                0x000000000800026c                __divsi3
                0x000000000800026c                __aeabi_idiv
                0x0000000008000438                __aeabi_idivmod
 .text          0x0000000008000440        0x4 c:/st/stm32cubeide_1.10.0/stm32cubeide/plugins/com.st.stm32cube.ide.mcu.externaltools.gnu-tools-for-stm32.10.3-2021.10.win32_1.0.0.202111181127/tools/bin/../lib/gcc/arm-none-eabi/10.3.1/thumb/v6-m/nofp\libgcc.a(_dvmd_tls.o)
                0x0000000008000440                __aeabi_idiv0
                0x0000000008000440                __aeabi_ldiv0
 *(.text*)
 .text.Reset_Handler
                0x0000000008000444       0x50 ./Application/Startup/startup_stm32f031c6tx.o
                0x0000000008000444                Reset_Handler
 .text.Default_Handler
                0x0000000008000494        0x2 ./Application/Startup/startup_stm32f031c6tx.o
                0x0000000008000494                TIM1_CC_IRQHandler
                0x0000000008000494                PVD_IRQHandler
                0x0000000008000494                PendSV_Handler
                0x0000000008000494                NMI_Handler
                0x0000000008000494                I2C1_IRQHandler
                0x0000000008000494                SPI1_IRQHandler
                0x0000000008000494                EXTI2_3_IRQHandler
                0x0000000008000494                ADC1_IRQHandler
                0x0000000008000494                TIM17_IRQHandler
                0x0000000008000494                RTC_IRQHandler
                0x0000000008000494                TIM16_IRQHandler
                0x0000000008000494                TIM3_IRQHandler
                0x0000000008000494                EXTI4_15_IRQHandler
                0x0000000008000494                RCC_IRQHandler
                0x0000000008000494                Default_Handler
                0x0000000008000494                TIM14_IRQHandler
                0x0000000008000494                SVC_Handler
                0x0000000008000494                WWDG_IRQHandler
                0x0000000008000494                DMA1_Channel2_3_IRQHandler
                0x0000000008000494                FLASH_IRQHandler
 *fill*         0x0000000008000496        0x2 
 .text.DACT_Init
                0x0000000008000498       0x20 ./Application/User/dac_rctimer_ui.o
                0x0000000008000498                DACT_Init
 .text.DACT_Exec
                0x00000000080004b8       0x24 ./Application/User/dac_rctimer_ui.o
                0x00000000080004b8                DACT_Exec
 .text.Mode_Home
                0x00000000080004dc      0x1c8 ./Application/User/main.o
                0x00000000080004dc                Mode_Home
 .text.Mode_Home3
                0x00000000080006a4      0x120 ./Application/User/main.o
                0x00000000080006a4                Mode_Home3
 .text.Home_Offset
                0x00000000080007c4       0x18 ./Application/User/main.o
                0x00000000080007c4                Home_Offset
 .text.Home_Null_Offset
                0x00000000080007dc       0x18 ./Application/User/main.o
                0x00000000080007dc                Home_Null_Offset
 .text.SystemClock_Config
                0x00000000080007f4       0x7e ./Application/User/main.o
                0x00000000080007f4                SystemClock_Config
 *fill*         0x0000000008000872        0x2 
 .text.startup.main
                0x0000000008000874      0x43c ./Application/User/main.o
                0x0000000008000874                main
 .text.Error_Handler
                0x0000000008000cb0        0x4 ./Application/User/main.o
                0x0000000008000cb0                Error_Handler
 .text.MC_StartMotor1
                0x0000000008000cb4       0x10 ./Application/User/mc_api.o
                0x0000000008000cb4                MC_StartMotor1
 .text.MC_StopMotor1
                0x0000000008000cc4       0x10 ./Application/User/mc_api.o
                0x0000000008000cc4                MC_StopMotor1
 .text.MC_GetSTMStateMotor1
                0x0000000008000cd4       0x10 ./Application/User/mc_api.o
                0x0000000008000cd4                MC_GetSTMStateMotor1
 .text.MCI_Init
                0x0000000008000ce4       0x14 ./Application/User/mc_interface.o
                0x0000000008000ce4                MCI_Init
 .text.MCI_ExecSpeedRamp
                0x0000000008000cf8       0x10 ./Application/User/mc_interface.o
                0x0000000008000cf8                MCI_ExecSpeedRamp
 .text.MCI_ExecTorqueRamp
                0x0000000008000d08        0xe ./Application/User/mc_interface.o
                0x0000000008000d08                MCI_ExecTorqueRamp
 .text.MCI_SetCurrentReferences
                0x0000000008000d16       0x14 ./Application/User/mc_interface.o
                0x0000000008000d16                MCI_SetCurrentReferences
 .text.MCI_StartMotor
                0x0000000008000d2a       0x16 ./Application/User/mc_interface.o
                0x0000000008000d2a                MCI_StartMotor
 .text.MCI_StopMotor
                0x0000000008000d40        0xc ./Application/User/mc_interface.o
                0x0000000008000d40                MCI_StopMotor
 .text.MCI_FaultAcknowledged
                0x0000000008000d4c        0xa ./Application/User/mc_interface.o
                0x0000000008000d4c                MCI_FaultAcknowledged
 .text.MCI_EncoderAlign
                0x0000000008000d56        0xc ./Application/User/mc_interface.o
                0x0000000008000d56                MCI_EncoderAlign
 .text.MCI_ExecBufferedCommands
                0x0000000008000d62       0x6c ./Application/User/mc_interface.o
                0x0000000008000d62                MCI_ExecBufferedCommands
 .text.MCI_GetSTMState
                0x0000000008000dce        0xa ./Application/User/mc_interface.o
                0x0000000008000dce                MCI_GetSTMState
 .text.MCI_GetControlMode
                0x0000000008000dd8        0x4 ./Application/User/mc_interface.o
                0x0000000008000dd8                MCI_GetControlMode
 .text.MCI_GetLastRampFinalSpeed
                0x0000000008000ddc       0x10 ./Application/User/mc_interface.o
                0x0000000008000ddc                MCI_GetLastRampFinalSpeed
 .text.MCI_StopRamp
                0x0000000008000dec        0xa ./Application/User/mc_interface.o
                0x0000000008000dec                MCI_StopRamp
 .text.MCI_GetAvrgMecSpeedUnit
                0x0000000008000df6        0xe ./Application/User/mc_interface.o
                0x0000000008000df6                MCI_GetAvrgMecSpeedUnit
 .text.MCI_GetMecSpeedRefUnit
                0x0000000008000e04        0xa ./Application/User/mc_interface.o
                0x0000000008000e04                MCI_GetMecSpeedRefUnit
 .text.MCI_GetIab
                0x0000000008000e0e       0x1a ./Application/User/mc_interface.o
                0x0000000008000e0e                MCI_GetIab
 .text.MCI_GetIalphabeta
                0x0000000008000e28       0x1c ./Application/User/mc_interface.o
                0x0000000008000e28                MCI_GetIalphabeta
 .text.MCI_GetIqd
                0x0000000008000e44       0x1c ./Application/User/mc_interface.o
                0x0000000008000e44                MCI_GetIqd
 .text.MCI_GetIqdref
                0x0000000008000e60       0x1c ./Application/User/mc_interface.o
                0x0000000008000e60                MCI_GetIqdref
 .text.MCI_GetVqd
                0x0000000008000e7c       0x1c ./Application/User/mc_interface.o
                0x0000000008000e7c                MCI_GetVqd
 .text.MCI_GetValphabeta
                0x0000000008000e98       0x1c ./Application/User/mc_interface.o
                0x0000000008000e98                MCI_GetValphabeta
 .text.MCI_GetTeref
                0x0000000008000eb4        0x8 ./Application/User/mc_interface.o
                0x0000000008000eb4                MCI_GetTeref
 .text.MCI_SetIdref
                0x0000000008000ebc        0x8 ./Application/User/mc_interface.o
                0x0000000008000ebc                MCI_SetIdref
 .text.MCI_Clear_Iqdref
                0x0000000008000ec4       0x12 ./Application/User/mc_interface.o
                0x0000000008000ec4                MCI_Clear_Iqdref
 .text.MCI_Home_Osc
                0x0000000008000ed6        0xe ./Application/User/mc_interface.o
                0x0000000008000ed6                MCI_Home_Osc
 .text.MCI_Home_Offset
                0x0000000008000ee4        0xe ./Application/User/mc_interface.o
                0x0000000008000ee4                MCI_Home_Offset
 .text.MCI_Home_Null
                0x0000000008000ef2        0x8 ./Application/User/mc_interface.o
                0x0000000008000ef2                MCI_Home_Null
 *fill*         0x0000000008000efa        0x2 
 .text.MCM_Clarke
                0x0000000008000efc       0x54 ./Application/User/mc_math.o
                0x0000000008000efc                MCM_Clarke
 .text.MCM_Trig_Functions
                0x0000000008000f50       0x8c ./Application/User/mc_math.o
                0x0000000008000f50                MCM_Trig_Functions
 .text.MCM_Park
                0x0000000008000fdc       0x88 ./Application/User/mc_math.o
                0x0000000008000fdc                MCM_Park
 .text.MCM_Rev_Park
                0x0000000008001064       0x32 ./Application/User/mc_math.o
                0x0000000008001064                MCM_Rev_Park
 .text.LL_GPIO_LockPin
                0x0000000008001096       0x18 ./Application/User/mc_tasks.o
 *fill*         0x00000000080010ae        0x2 
 .text.Enable_BacktoHome
                0x00000000080010b0       0x10 ./Application/User/mc_tasks.o
                0x00000000080010b0                Enable_BacktoHome
 .text.FOC_Clear
                0x00000000080010c0       0x64 ./Application/User/mc_tasks.o
                0x00000000080010c0                FOC_Clear
 .text.MCboot   0x0000000008001124      0x1ac ./Application/User/mc_tasks.o
                0x0000000008001124                MCboot
 .text.FOC_InitAdditionalMethods
                0x00000000080012d0        0x2 ./Application/User/mc_tasks.o
                0x00000000080012d0                FOC_InitAdditionalMethods
 *fill*         0x00000000080012d2        0x2 
 .text.FOC_CalcCurrRef
                0x00000000080012d4       0x2c ./Application/User/mc_tasks.o
                0x00000000080012d4                FOC_CalcCurrRef
 .text.TSK_SetChargeBootCapDelayM1
                0x0000000008001300        0xc ./Application/User/mc_tasks.o
                0x0000000008001300                TSK_SetChargeBootCapDelayM1
 .text.TSK_ChargeBootCapDelayHasElapsedM1
                0x000000000800130c       0x10 ./Application/User/mc_tasks.o
                0x000000000800130c                TSK_ChargeBootCapDelayHasElapsedM1
 .text.TSK_SetStopPermanencyTimeM1
                0x000000000800131c        0xc ./Application/User/mc_tasks.o
                0x000000000800131c                TSK_SetStopPermanencyTimeM1
 .text.TSK_StopPermanencyTimeHasElapsedM1
                0x0000000008001328       0x10 ./Application/User/mc_tasks.o
                0x0000000008001328                TSK_StopPermanencyTimeHasElapsedM1
 .text.TSK_MediumFrequencyTaskM1
                0x0000000008001338      0x130 ./Application/User/mc_tasks.o
                0x0000000008001338                TSK_MediumFrequencyTaskM1
 .text.MC_Scheduler
                0x0000000008001468       0x54 ./Application/User/mc_tasks.o
                0x0000000008001468                MC_Scheduler
 .text.TSK_HighFrequencyTask
                0x00000000080014bc      0x108 ./Application/User/mc_tasks.o
                0x00000000080014bc                TSK_HighFrequencyTask
 .text.TSK_SafetyTask_PWMOFF
                0x00000000080015c4       0x8c ./Application/User/mc_tasks.o
                0x00000000080015c4                TSK_SafetyTask_PWMOFF
 .text.TSK_SafetyTask
                0x0000000008001650       0x1c ./Application/User/mc_tasks.o
                0x0000000008001650                TSK_SafetyTask
 .text.MC_RunMotorControlTasks
                0x000000000800166c       0x1c ./Application/User/mc_tasks.o
                0x000000000800166c                MC_RunMotorControlTasks
 .text.TSK_HardwareFaultTask
                0x0000000008001688       0x20 ./Application/User/mc_tasks.o
                0x0000000008001688                TSK_HardwareFaultTask
 .text.mc_lock_pins
                0x00000000080016a8       0x8c ./Application/User/mc_tasks.o
                0x00000000080016a8                mc_lock_pins
 .text.MCP_ReceivedFrame
                0x0000000008001734      0x468 ./Application/User/motor_control_protocol.o
                0x0000000008001734                MCP_ReceivedFrame
 .text.MCP_WaitNextFrame
                0x0000000008001b9c       0x1a ./Application/User/motor_control_protocol.o
                0x0000000008001b9c                MCP_WaitNextFrame
 *fill*         0x0000000008001bb6        0x2 
 .text.MCP_Init
                0x0000000008001bb8       0x44 ./Application/User/motor_control_protocol.o
                0x0000000008001bb8                MCP_Init
 .text.MCP_OnTimeOut
                0x0000000008001bfc        0x8 ./Application/User/motor_control_protocol.o
                0x0000000008001bfc                MCP_OnTimeOut
 .text.MCP_SentFrame
                0x0000000008001c04        0x8 ./Application/User/motor_control_protocol.o
                0x0000000008001c04                MCP_SentFrame
 .text.MX_MotorControl_Init
                0x0000000008001c0c       0x44 ./Application/User/motorcontrol.o
                0x0000000008001c0c                MX_MotorControl_Init
 .text.RCM_RegisterRegConv
                0x0000000008001c50       0x90 ./Application/User/regular_conversion_manager.o
                0x0000000008001c50                RCM_RegisterRegConv
 .text.RCM_ExecRegularConv
                0x0000000008001ce0      0x124 ./Application/User/regular_conversion_manager.o
                0x0000000008001ce0                RCM_ExecRegularConv
 .text.RCM_ExecUserConv
                0x0000000008001e04       0x58 ./Application/User/regular_conversion_manager.o
                0x0000000008001e04                RCM_ExecUserConv
 .text.RCM_ExecNextConv
                0x0000000008001e5c       0x78 ./Application/User/regular_conversion_manager.o
                0x0000000008001e5c                RCM_ExecNextConv
 .text.RCM_ReadOngoingConv
                0x0000000008001ed4       0x4c ./Application/User/regular_conversion_manager.o
                0x0000000008001ed4                RCM_ReadOngoingConv
 .text.HAL_MspInit
                0x0000000008001f20       0x30 ./Application/User/stm32f0xx_hal_msp.o
                0x0000000008001f20                HAL_MspInit
 .text.HAL_ADC_MspInit
                0x0000000008001f50       0xc0 ./Application/User/stm32f0xx_hal_msp.o
                0x0000000008001f50                HAL_ADC_MspInit
 .text.HAL_TIM_PWM_MspInit
                0x0000000008002010       0x64 ./Application/User/stm32f0xx_hal_msp.o
                0x0000000008002010                HAL_TIM_PWM_MspInit
 .text.HAL_TIM_Base_MspInit
                0x0000000008002074       0x80 ./Application/User/stm32f0xx_hal_msp.o
                0x0000000008002074                HAL_TIM_Base_MspInit
 .text.HAL_TIM_MspPostInit
                0x00000000080020f4       0xac ./Application/User/stm32f0xx_hal_msp.o
                0x00000000080020f4                HAL_TIM_MspPostInit
 .text.HAL_UART_MspInit
                0x00000000080021a0       0x60 ./Application/User/stm32f0xx_hal_msp.o
                0x00000000080021a0                HAL_UART_MspInit
 .text.DMA1_Channel1_IRQHandler
                0x0000000008002200       0x18 ./Application/User/stm32f0xx_mc_it.o
                0x0000000008002200                DMA1_Channel1_IRQHandler
 .text.TIM1_BRK_UP_TRG_COM_IRQHandler
                0x0000000008002218       0x44 ./Application/User/stm32f0xx_mc_it.o
                0x0000000008002218                TIM1_BRK_UP_TRG_COM_IRQHandler
 .text.DMA1_Channel4_5_IRQHandler
                0x000000000800225c       0x14 ./Application/User/stm32f0xx_mc_it.o
                0x000000000800225c                DMA1_Channel4_5_IRQHandler
 .text.TIM2_IRQHandler
                0x0000000008002270       0x34 ./Application/User/stm32f0xx_mc_it.o
                0x0000000008002270                TIM2_IRQHandler
 .text.USART1_IRQHandler
                0x00000000080022a4       0x64 ./Application/User/stm32f0xx_mc_it.o
                0x00000000080022a4                USART1_IRQHandler
 .text.HardFault_Handler
                0x0000000008002308       0x68 ./Application/User/stm32f0xx_mc_it.o
                0x0000000008002308                HardFault_Handler
 .text.SysTick_Handler
                0x0000000008002370       0x28 ./Application/User/stm32f0xx_mc_it.o
                0x0000000008002370                SysTick_Handler
 .text.EXTI0_1_IRQHandler
                0x0000000008002398       0x18 ./Application/User/stm32f0xx_mc_it.o
                0x0000000008002398                EXTI0_1_IRQHandler
 .text._sbrk    0x00000000080023b0       0x40 ./Application/User/sysmem.o
                0x00000000080023b0                _sbrk
 .text.UI_TaskInit
                0x00000000080023f0       0xc0 ./Application/User/ui_task.o
                0x00000000080023f0                UI_TaskInit
 .text.UI_Scheduler
                0x00000000080024b0       0x40 ./Application/User/ui_task.o
                0x00000000080024b0                UI_Scheduler
 .text.UI_DACUpdate
                0x00000000080024f0       0x1c ./Application/User/ui_task.o
                0x00000000080024f0                UI_DACUpdate
 .text.UI_SerialCommunicationTimeOutStop
                0x000000000800250c        0xc ./Application/User/ui_task.o
                0x000000000800250c                UI_SerialCommunicationTimeOutStop
 .text.UI_SerialCommunicationTimeOutStart
                0x0000000008002518        0xc ./Application/User/ui_task.o
                0x0000000008002518                UI_SerialCommunicationTimeOutStart
 .text.UI_HandleStartStopButton_cb
                0x0000000008002524       0x16 ./Application/User/ui_task.o
                0x0000000008002524                UI_HandleStartStopButton_cb
 .text.UI_Init  0x000000000800253a       0x14 ./Application/User/user_interface.o
                0x000000000800253a                UI_Init
 .text.UI_SelectMC
                0x000000000800254e       0x12 ./Application/User/user_interface.o
                0x000000000800254e                UI_SelectMC
 .text.UI_GetSelectedMC
                0x0000000008002560        0x6 ./Application/User/user_interface.o
                0x0000000008002560                UI_GetSelectedMC
 .text.UI_SetReg
                0x0000000008002566      0x100 ./Application/User/user_interface.o
                0x0000000008002566                UI_SetReg
 .text.UI_ExecCmd
                0x0000000008002666       0x8c ./Application/User/user_interface.o
                0x0000000008002666                UI_ExecCmd
 .text.UI_ExecSpeedRamp
                0x00000000080026f2       0x26 ./Application/User/user_interface.o
                0x00000000080026f2                UI_ExecSpeedRamp
 .text.UI_ExecTorqueRamp
                0x0000000008002718       0x16 ./Application/User/user_interface.o
                0x0000000008002718                UI_ExecTorqueRamp
 .text.UI_GetRevupData
                0x000000000800272e       0x3e ./Application/User/user_interface.o
                0x000000000800272e                UI_GetRevupData
 .text.UI_SetRevupData
                0x000000000800276c       0x3a ./Application/User/user_interface.o
                0x000000000800276c                UI_SetRevupData
 .text.UI_SetCurrentReferences
                0x00000000080027a6       0x1c ./Application/User/user_interface.o
                0x00000000080027a6                UI_SetCurrentReferences
 .text.UI_GetMPInfo
                0x00000000080027c2        0x4 ./Application/User/user_interface.o
                0x00000000080027c2                UI_GetMPInfo
 .text.UI_DACInit
                0x00000000080027c6        0xc ./Application/User/user_interface.o
                0x00000000080027c6                UI_DACInit
 .text.UI_DACExec
                0x00000000080027d2        0xc ./Application/User/user_interface.o
                0x00000000080027d2                UI_DACExec
 .text.UI_SetDAC
                0x00000000080027de        0xc ./Application/User/user_interface.o
                0x00000000080027de                UI_SetDAC
 .text.UI_GetDAC
                0x00000000080027ea       0x12 ./Application/User/user_interface.o
                0x00000000080027ea                UI_GetDAC
 .text.UI_GetReg
                0x00000000080027fc      0x3dc ./Application/User/user_interface.o
                0x00000000080027fc                UI_GetReg
 .text.SystemInit
                0x0000000008002bd8        0x2 ./Drivers/CMSIS/system_stm32f0xx.o
                0x0000000008002bd8                SystemInit
 *fill*         0x0000000008002bda        0x2 
 .text.HAL_InitTick
                0x0000000008002bdc       0x48 ./Drivers/STM32F0xx_HAL_Driver/stm32f0xx_hal.o
                0x0000000008002bdc                HAL_InitTick
 .text.HAL_Init
                0x0000000008002c24       0x20 ./Drivers/STM32F0xx_HAL_Driver/stm32f0xx_hal.o
                0x0000000008002c24                HAL_Init
 .text.HAL_IncTick
                0x0000000008002c44       0x18 ./Drivers/STM32F0xx_HAL_Driver/stm32f0xx_hal.o
                0x0000000008002c44                HAL_IncTick
 .text.HAL_GetTick
                0x0000000008002c5c        0xc ./Drivers/STM32F0xx_HAL_Driver/stm32f0xx_hal.o
                0x0000000008002c5c                HAL_GetTick
 .text.HAL_Delay
                0x0000000008002c68       0x24 ./Drivers/STM32F0xx_HAL_Driver/stm32f0xx_hal.o
                0x0000000008002c68                HAL_Delay
 .text.HAL_ADC_Init
                0x0000000008002c8c      0x150 ./Drivers/STM32F0xx_HAL_Driver/stm32f0xx_hal_adc.o
                0x0000000008002c8c                HAL_ADC_Init
 .text.HAL_ADC_ConfigChannel
                0x0000000008002ddc      0x10c ./Drivers/STM32F0xx_HAL_Driver/stm32f0xx_hal_adc.o
                0x0000000008002ddc                HAL_ADC_ConfigChannel
 .text.HAL_NVIC_SetPriority
                0x0000000008002ee8       0x54 ./Drivers/STM32F0xx_HAL_Driver/stm32f0xx_hal_cortex.o
                0x0000000008002ee8                HAL_NVIC_SetPriority
 .text.HAL_NVIC_EnableIRQ
                0x0000000008002f3c       0x18 ./Drivers/STM32F0xx_HAL_Driver/stm32f0xx_hal_cortex.o
                0x0000000008002f3c                HAL_NVIC_EnableIRQ
 .text.HAL_SYSTICK_Config
                0x0000000008002f54       0x34 ./Drivers/STM32F0xx_HAL_Driver/stm32f0xx_hal_cortex.o
                0x0000000008002f54                HAL_SYSTICK_Config
 .text.HAL_SYSTICK_Callback
                0x0000000008002f88        0x2 ./Drivers/STM32F0xx_HAL_Driver/stm32f0xx_hal_cortex.o
                0x0000000008002f88                HAL_SYSTICK_Callback
 .text.HAL_SYSTICK_IRQHandler
                0x0000000008002f8a        0x8 ./Drivers/STM32F0xx_HAL_Driver/stm32f0xx_hal_cortex.o
                0x0000000008002f8a                HAL_SYSTICK_IRQHandler
 *fill*         0x0000000008002f92        0x2 
 .text.HAL_DMA_Init
                0x0000000008002f94       0x64 ./Drivers/STM32F0xx_HAL_Driver/stm32f0xx_hal_dma.o
                0x0000000008002f94                HAL_DMA_Init
 .text.HAL_GPIO_Init
                0x0000000008002ff8      0x160 ./Drivers/STM32F0xx_HAL_Driver/stm32f0xx_hal_gpio.o
                0x0000000008002ff8                HAL_GPIO_Init
 .text.HAL_GPIO_WritePin
                0x0000000008003158        0xc ./Drivers/STM32F0xx_HAL_Driver/stm32f0xx_hal_gpio.o
                0x0000000008003158                HAL_GPIO_WritePin
 .text.HAL_RCC_OscConfig
                0x0000000008003164      0x400 ./Drivers/STM32F0xx_HAL_Driver/stm32f0xx_hal_rcc.o
                0x0000000008003164                HAL_RCC_OscConfig
 .text.HAL_RCC_EnableCSS
                0x0000000008003564       0x14 ./Drivers/STM32F0xx_HAL_Driver/stm32f0xx_hal_rcc.o
                0x0000000008003564                HAL_RCC_EnableCSS
 .text.HAL_RCC_GetSysClockFreq
                0x0000000008003578       0x64 ./Drivers/STM32F0xx_HAL_Driver/stm32f0xx_hal_rcc.o
                0x0000000008003578                HAL_RCC_GetSysClockFreq
 .text.HAL_RCC_ClockConfig
                0x00000000080035dc      0x108 ./Drivers/STM32F0xx_HAL_Driver/stm32f0xx_hal_rcc.o
                0x00000000080035dc                HAL_RCC_ClockConfig
 .text.HAL_RCC_GetHCLKFreq
                0x00000000080036e4        0xc ./Drivers/STM32F0xx_HAL_Driver/stm32f0xx_hal_rcc.o
                0x00000000080036e4                HAL_RCC_GetHCLKFreq
 .text.HAL_RCC_GetPCLK1Freq
                0x00000000080036f0       0x20 ./Drivers/STM32F0xx_HAL_Driver/stm32f0xx_hal_rcc.o
                0x00000000080036f0                HAL_RCC_GetPCLK1Freq
 .text.HAL_RCCEx_PeriphCLKConfig
                0x0000000008003710      0x10c ./Drivers/STM32F0xx_HAL_Driver/stm32f0xx_hal_rcc_ex.o
                0x0000000008003710                HAL_RCCEx_PeriphCLKConfig
 .text.TIM_OC1_SetConfig
                0x000000000800381c       0x78 ./Drivers/STM32F0xx_HAL_Driver/stm32f0xx_hal_tim.o
 .text.TIM_OC3_SetConfig
                0x0000000008003894       0x80 ./Drivers/STM32F0xx_HAL_Driver/stm32f0xx_hal_tim.o
 .text.TIM_OC4_SetConfig
                0x0000000008003914       0x68 ./Drivers/STM32F0xx_HAL_Driver/stm32f0xx_hal_tim.o
 .text.TIM_Base_SetConfig
                0x000000000800397c       0x90 ./Drivers/STM32F0xx_HAL_Driver/stm32f0xx_hal_tim.o
                0x000000000800397c                TIM_Base_SetConfig
 .text.HAL_TIM_Base_Init
                0x0000000008003a0c       0x50 ./Drivers/STM32F0xx_HAL_Driver/stm32f0xx_hal_tim.o
                0x0000000008003a0c                HAL_TIM_Base_Init
 .text.HAL_TIM_PWM_Init
                0x0000000008003a5c       0x50 ./Drivers/STM32F0xx_HAL_Driver/stm32f0xx_hal_tim.o
                0x0000000008003a5c                HAL_TIM_PWM_Init
 .text.TIM_OC2_SetConfig
                0x0000000008003aac       0x78 ./Drivers/STM32F0xx_HAL_Driver/stm32f0xx_hal_tim.o
                0x0000000008003aac                TIM_OC2_SetConfig
 .text.HAL_TIM_PWM_ConfigChannel
                0x0000000008003b24       0xbc ./Drivers/STM32F0xx_HAL_Driver/stm32f0xx_hal_tim.o
                0x0000000008003b24                HAL_TIM_PWM_ConfigChannel
 .text.TIM_TI1_SetConfig
                0x0000000008003be0       0x50 ./Drivers/STM32F0xx_HAL_Driver/stm32f0xx_hal_tim.o
                0x0000000008003be0                TIM_TI1_SetConfig
 .text.TIM_ETR_SetConfig
                0x0000000008003c30       0x18 ./Drivers/STM32F0xx_HAL_Driver/stm32f0xx_hal_tim.o
                0x0000000008003c30                TIM_ETR_SetConfig
 .text.HAL_TIM_ConfigClockSource
                0x0000000008003c48      0x14c ./Drivers/STM32F0xx_HAL_Driver/stm32f0xx_hal_tim.o
                0x0000000008003c48                HAL_TIM_ConfigClockSource
 .text.TIM_CCxChannelCmd
                0x0000000008003d94       0x1a ./Drivers/STM32F0xx_HAL_Driver/stm32f0xx_hal_tim.o
                0x0000000008003d94                TIM_CCxChannelCmd
 *fill*         0x0000000008003dae        0x2 
 .text.HAL_TIM_OC_Start
                0x0000000008003db0       0xb8 ./Drivers/STM32F0xx_HAL_Driver/stm32f0xx_hal_tim.o
                0x0000000008003db0                HAL_TIM_OC_Start
 .text.HAL_TIM_PWM_Start
                0x0000000008003e68        0x8 ./Drivers/STM32F0xx_HAL_Driver/stm32f0xx_hal_tim.o
                0x0000000008003e68                HAL_TIM_PWM_Start
 .text.HAL_TIMEx_HallSensor_MspInit
                0x0000000008003e70        0x2 ./Drivers/STM32F0xx_HAL_Driver/stm32f0xx_hal_tim_ex.o
                0x0000000008003e70                HAL_TIMEx_HallSensor_MspInit
 .text.HAL_TIMEx_HallSensor_Init
                0x0000000008003e72       0xc4 ./Drivers/STM32F0xx_HAL_Driver/stm32f0xx_hal_tim_ex.o
                0x0000000008003e72                HAL_TIMEx_HallSensor_Init
 *fill*         0x0000000008003f36        0x2 
 .text.HAL_TIMEx_MasterConfigSynchronization
                0x0000000008003f38       0x58 ./Drivers/STM32F0xx_HAL_Driver/stm32f0xx_hal_tim_ex.o
                0x0000000008003f38                HAL_TIMEx_MasterConfigSynchronization
 .text.HAL_TIMEx_ConfigBreakDeadTime
                0x0000000008003f90       0x64 ./Drivers/STM32F0xx_HAL_Driver/stm32f0xx_hal_tim_ex.o
                0x0000000008003f90                HAL_TIMEx_ConfigBreakDeadTime
 .text.UART_SetConfig
                0x0000000008003ff4      0x118 ./Drivers/STM32F0xx_HAL_Driver/stm32f0xx_hal_uart.o
                0x0000000008003ff4                UART_SetConfig
 .text.UART_AdvFeatureConfig
                0x000000000800410c       0xd0 ./Drivers/STM32F0xx_HAL_Driver/stm32f0xx_hal_uart.o
                0x000000000800410c                UART_AdvFeatureConfig
 .text.UART_WaitOnFlagUntilTimeout
                0x00000000080041dc       0xc4 ./Drivers/STM32F0xx_HAL_Driver/stm32f0xx_hal_uart.o
                0x00000000080041dc                UART_WaitOnFlagUntilTimeout
 .text.HAL_UART_Transmit
                0x00000000080042a0       0xe2 ./Drivers/STM32F0xx_HAL_Driver/stm32f0xx_hal_uart.o
                0x00000000080042a0                HAL_UART_Transmit
 *fill*         0x0000000008004382        0x2 
 .text.UART_CheckIdleState
                0x0000000008004384       0x64 ./Drivers/STM32F0xx_HAL_Driver/stm32f0xx_hal_uart.o
                0x0000000008004384                UART_CheckIdleState
 .text.HAL_UART_Init
                0x00000000080043e8       0x64 ./Drivers/STM32F0xx_HAL_Driver/stm32f0xx_hal_uart.o
                0x00000000080043e8                HAL_UART_Init
 .text.VBS_GetAvBusVoltage_V
                0x000000000800444c        0xc ./Middlewares/MotorControl/bus_voltage_sensor.o
                0x000000000800444c                VBS_GetAvBusVoltage_V
 .text.Circle_Limitation
                0x0000000008004458       0x54 ./Middlewares/MotorControl/circle_limitation.o
                0x0000000008004458                Circle_Limitation
 .text.DAC_SetChannelConfig
                0x00000000080044ac        0x8 ./Middlewares/MotorControl/dac_common_ui.o
                0x00000000080044ac                DAC_SetChannelConfig
 .text.DAC_GetChannelConfig
                0x00000000080044b4        0x8 ./Middlewares/MotorControl/dac_common_ui.o
                0x00000000080044b4                DAC_GetChannelConfig
 .text.DAC_SetUserChannelValue
                0x00000000080044bc        0xa ./Middlewares/MotorControl/dac_common_ui.o
                0x00000000080044bc                DAC_SetUserChannelValue
 .text.DAC_GetUserChannelValue
                0x00000000080044c6        0xc ./Middlewares/MotorControl/dac_common_ui.o
                0x00000000080044c6                DAC_GetUserChannelValue
 .text.FCP_Init
                0x00000000080044d2       0x1a ./Middlewares/MotorControl/frame_communication_protocol.o
                0x00000000080044d2                FCP_Init
 .text.FCP_SetClient
                0x00000000080044ec       0x10 ./Middlewares/MotorControl/frame_communication_protocol.o
                0x00000000080044ec                FCP_SetClient
 .text.FCP_CalcCRC
                0x00000000080044fc       0x22 ./Middlewares/MotorControl/frame_communication_protocol.o
                0x00000000080044fc                FCP_CalcCRC
 *fill*         0x000000000800451e        0x2 
 .text.HALL_Init_Electrical_Angle
                0x0000000008004520       0xc8 ./Middlewares/MotorControl/hall_speed_pos_fdbk.o
 .text.HALL_Init
                0x00000000080045e8      0x124 ./Middlewares/MotorControl/hall_speed_pos_fdbk.o
                0x00000000080045e8                HALL_Init
 .text.HALL_Clear
                0x000000000800470c       0x5a ./Middlewares/MotorControl/hall_speed_pos_fdbk.o
                0x000000000800470c                HALL_Clear
 *fill*         0x0000000008004766        0x2 
 .text.HALL_CalcElAngle
                0x0000000008004768       0x40 ./Middlewares/MotorControl/hall_speed_pos_fdbk.o
                0x0000000008004768                HALL_CalcElAngle
 .text.HALL_CalcAvrgMecSpeedUnit
                0x00000000080047a8       0xa8 ./Middlewares/MotorControl/hall_speed_pos_fdbk.o
                0x00000000080047a8                HALL_CalcAvrgMecSpeedUnit
 .text.HALL_TIMx_CC_IRQHandler
                0x0000000008004850      0x34c ./Middlewares/MotorControl/hall_speed_pos_fdbk.o
                0x0000000008004850                HALL_TIMx_CC_IRQHandler
 .text.HALL_TIMx_UP_IRQHandler
                0x0000000008004b9c       0x86 ./Middlewares/MotorControl/hall_speed_pos_fdbk.o
                0x0000000008004b9c                HALL_TIMx_UP_IRQHandler
 .text.MPM_Clear
                0x0000000008004c22       0x18 ./Middlewares/MotorControl/motor_power_measurement.o
                0x0000000008004c22                MPM_Clear
 .text.MPM_CalcElMotorPower
                0x0000000008004c3a       0x40 ./Middlewares/MotorControl/motor_power_measurement.o
                0x0000000008004c3a                MPM_CalcElMotorPower
 .text.MPM_GetAvrgElMotorPowerW
                0x0000000008004c7a        0x8 ./Middlewares/MotorControl/motor_power_measurement.o
                0x0000000008004c7a                MPM_GetAvrgElMotorPowerW
 .text.NTC_SetFaultState
                0x0000000008004c82       0x18 ./Middlewares/MotorControl/ntc_temperature_sensor.o
                0x0000000008004c82                NTC_SetFaultState
 .text.NTC_Clear
                0x0000000008004c9a        0x6 ./Middlewares/MotorControl/ntc_temperature_sensor.o
                0x0000000008004c9a                NTC_Clear
 .text.NTC_Init
                0x0000000008004ca0       0x26 ./Middlewares/MotorControl/ntc_temperature_sensor.o
                0x0000000008004ca0                NTC_Init
 *fill*         0x0000000008004cc6        0x2 
 .text.NTC_CalcAvTemp
                0x0000000008004cc8       0x40 ./Middlewares/MotorControl/ntc_temperature_sensor.o
                0x0000000008004cc8                NTC_CalcAvTemp
 .text.NTC_GetAvTemp_C
                0x0000000008004d08       0x26 ./Middlewares/MotorControl/ntc_temperature_sensor.o
                0x0000000008004d08                NTC_GetAvTemp_C
 .text.PID_HandleInit
                0x0000000008004d2e       0x10 ./Middlewares/MotorControl/pid_regulator.o
                0x0000000008004d2e                PID_HandleInit
 .text.PID_SetKP
                0x0000000008004d3e        0x4 ./Middlewares/MotorControl/pid_regulator.o
                0x0000000008004d3e                PID_SetKP
 .text.PID_SetKI
                0x0000000008004d42        0x4 ./Middlewares/MotorControl/pid_regulator.o
                0x0000000008004d42                PID_SetKI
 .text.PID_GetKP
                0x0000000008004d46        0x6 ./Middlewares/MotorControl/pid_regulator.o
                0x0000000008004d46                PID_GetKP
 .text.PID_GetKI
                0x0000000008004d4c        0x6 ./Middlewares/MotorControl/pid_regulator.o
                0x0000000008004d4c                PID_GetKI
 .text.PID_SetIntegralTerm
                0x0000000008004d52        0x4 ./Middlewares/MotorControl/pid_regulator.o
                0x0000000008004d52                PID_SetIntegralTerm
 .text.PID_GetKPDivisor
                0x0000000008004d56        0x4 ./Middlewares/MotorControl/pid_regulator.o
                0x0000000008004d56                PID_GetKPDivisor
 .text.PID_GetKIDivisor
                0x0000000008004d5a        0x4 ./Middlewares/MotorControl/pid_regulator.o
                0x0000000008004d5a                PID_GetKIDivisor
 .text.PID_SetKD
                0x0000000008004d5e        0x4 ./Middlewares/MotorControl/pid_regulator.o
                0x0000000008004d5e                PID_SetKD
 .text.PID_GetKD
                0x0000000008004d62        0x6 ./Middlewares/MotorControl/pid_regulator.o
                0x0000000008004d62                PID_GetKD
 .text.PI_Controller
                0x0000000008004d68       0x7c ./Middlewares/MotorControl/pid_regulator.o
                0x0000000008004d68                PI_Controller
 .text.PQD_CalcElMotorPower
                0x0000000008004de4       0x52 ./Middlewares/MotorControl/pqd_motor_power_measurement.o
                0x0000000008004de4                PQD_CalcElMotorPower
 .text.waitForPolarizationEnd
                0x0000000008004e36       0x48 ./Middlewares/MotorControl/pwm_common.o
                0x0000000008004e36                waitForPolarizationEnd
 .text.PWMC_GetPhaseCurrents
                0x0000000008004e7e        0x8 ./Middlewares/MotorControl/pwm_curr_fdbk.o
                0x0000000008004e7e                PWMC_GetPhaseCurrents
 .text.PWMC_SetPhaseVoltage
                0x0000000008004e86      0x1f0 ./Middlewares/MotorControl/pwm_curr_fdbk.o
                0x0000000008004e86                PWMC_SetPhaseVoltage
 .text.PWMC_SwitchOffPWM
                0x0000000008005076        0x8 ./Middlewares/MotorControl/pwm_curr_fdbk.o
                0x0000000008005076                PWMC_SwitchOffPWM
 .text.PWMC_CurrentReadingCalibr
                0x000000000800507e       0x46 ./Middlewares/MotorControl/pwm_curr_fdbk.o
                0x000000000800507e                PWMC_CurrentReadingCalibr
 .text.PWMC_CheckOverCurrent
                0x00000000080050c4        0x8 ./Middlewares/MotorControl/pwm_curr_fdbk.o
                0x00000000080050c4                PWMC_CheckOverCurrent
 .text.R3_1_GetPhaseCurrents
                0x00000000080050cc      0x108 ./Middlewares/MotorControl/r3_f0xx_pwm_curr_fdbk.o
                0x00000000080050cc                R3_1_GetPhaseCurrents
 .text.R3_1_HFCurrentsCalibrationAB
                0x00000000080051d4       0x4c ./Middlewares/MotorControl/r3_f0xx_pwm_curr_fdbk.o
                0x00000000080051d4                R3_1_HFCurrentsCalibrationAB
 .text.R3_1_HFCurrentsCalibrationC
                0x0000000008005220       0x48 ./Middlewares/MotorControl/r3_f0xx_pwm_curr_fdbk.o
                0x0000000008005220                R3_1_HFCurrentsCalibrationC
 .text.R3_1_Init
                0x0000000008005268      0x104 ./Middlewares/MotorControl/r3_f0xx_pwm_curr_fdbk.o
                0x0000000008005268                R3_1_Init
 .text.R3_1_WriteTIMRegisters
                0x000000000800536c       0x2e ./Middlewares/MotorControl/r3_f0xx_pwm_curr_fdbk.o
                0x000000000800536c                R3_1_WriteTIMRegisters
 .text.R3_1_SetADCSampPointCalibration
                0x000000000800539a       0x20 ./Middlewares/MotorControl/r3_f0xx_pwm_curr_fdbk.o
                0x000000000800539a                R3_1_SetADCSampPointCalibration
 .text.R3_1_SetADCSampPointSectX
                0x00000000080053ba       0x58 ./Middlewares/MotorControl/r3_f0xx_pwm_curr_fdbk.o
                0x00000000080053ba                R3_1_SetADCSampPointSectX
 *fill*         0x0000000008005412        0x2 
 .text.R3_1_TurnOnLowSides
                0x0000000008005414       0x4c ./Middlewares/MotorControl/r3_f0xx_pwm_curr_fdbk.o
                0x0000000008005414                R3_1_TurnOnLowSides
 .text.R3_1_SwitchOnPWM
                0x0000000008005460       0xe8 ./Middlewares/MotorControl/r3_f0xx_pwm_curr_fdbk.o
                0x0000000008005460                R3_1_SwitchOnPWM
 .text.R3_1_SwitchOffPWM
                0x0000000008005548       0xa4 ./Middlewares/MotorControl/r3_f0xx_pwm_curr_fdbk.o
                0x0000000008005548                R3_1_SwitchOffPWM
 .text.R3_1_CurrentReadingCalibration
                0x00000000080055ec      0x114 ./Middlewares/MotorControl/r3_f0xx_pwm_curr_fdbk.o
                0x00000000080055ec                R3_1_CurrentReadingCalibration
 .text.R3_1_TIMx_UP_IRQHandler
                0x0000000008005700       0x80 ./Middlewares/MotorControl/r3_f0xx_pwm_curr_fdbk.o
                0x0000000008005700                R3_1_TIMx_UP_IRQHandler
 .text.F0XX_BRK_IRQHandler
                0x0000000008005780       0x28 ./Middlewares/MotorControl/r3_f0xx_pwm_curr_fdbk.o
                0x0000000008005780                F0XX_BRK_IRQHandler
 .text.R3_1_IsOverCurrentOccurred
                0x00000000080057a8       0x24 ./Middlewares/MotorControl/r3_f0xx_pwm_curr_fdbk.o
                0x00000000080057a8                R3_1_IsOverCurrentOccurred
 .text.RVBS_Clear
                0x00000000080057cc       0x2a ./Middlewares/MotorControl/r_divider_bus_voltage_sensor.o
                0x00000000080057cc                RVBS_Clear
 .text.RVBS_Init
                0x00000000080057f6       0x16 ./Middlewares/MotorControl/r_divider_bus_voltage_sensor.o
                0x00000000080057f6                RVBS_Init
 .text.RVBS_CheckFaultState
                0x000000000800580c       0x18 ./Middlewares/MotorControl/r_divider_bus_voltage_sensor.o
                0x000000000800580c                RVBS_CheckFaultState
 .text.RVBS_CalcAvVbus
                0x0000000008005824       0x64 ./Middlewares/MotorControl/r_divider_bus_voltage_sensor.o
                0x0000000008005824                RVBS_CalcAvVbus
 .text.REMNG_Init
                0x0000000008005888       0x18 ./Middlewares/MotorControl/ramp_ext_mngr.o
                0x0000000008005888                REMNG_Init
 .text.SPD_GetElAngle
                0x00000000080058a0        0x6 ./Middlewares/MotorControl/speed_pos_fdbk.o
                0x00000000080058a0                SPD_GetElAngle
 .text.SPD_GetAvrgMecSpeedUnit
                0x00000000080058a6        0x6 ./Middlewares/MotorControl/speed_pos_fdbk.o
                0x00000000080058a6                SPD_GetAvrgMecSpeedUnit
 .text.SPD_GetInstElSpeedDpp
                0x00000000080058ac        0x6 ./Middlewares/MotorControl/speed_pos_fdbk.o
                0x00000000080058ac                SPD_GetInstElSpeedDpp
 .text.SPD_IsMecSpeedReliable
                0x00000000080058b2       0x58 ./Middlewares/MotorControl/speed_pos_fdbk.o
                0x00000000080058b2                SPD_IsMecSpeedReliable
 .text.SPD_GetS16Speed
                0x000000000800590a       0x18 ./Middlewares/MotorControl/speed_pos_fdbk.o
                0x000000000800590a                SPD_GetS16Speed
 .text.STC_Init
                0x0000000008005922       0x26 ./Middlewares/MotorControl/speed_torq_ctrl.o
                0x0000000008005922                STC_Init
 .text.STC_GetSpeedSensor
                0x0000000008005948        0x4 ./Middlewares/MotorControl/speed_torq_ctrl.o
                0x0000000008005948                STC_GetSpeedSensor
 .text.STC_Clear
                0x000000000800594c       0x12 ./Middlewares/MotorControl/speed_torq_ctrl.o
                0x000000000800594c                STC_Clear
 .text.STC_GetMecSpeedRefUnit
                0x000000000800595e        0xc ./Middlewares/MotorControl/speed_torq_ctrl.o
                0x000000000800595e                STC_GetMecSpeedRefUnit
 .text.STC_GetTorqueRef
                0x000000000800596a        0xc ./Middlewares/MotorControl/speed_torq_ctrl.o
                0x000000000800596a                STC_GetTorqueRef
 .text.STC_SetControlMode
                0x0000000008005976        0x8 ./Middlewares/MotorControl/speed_torq_ctrl.o
                0x0000000008005976                STC_SetControlMode
 .text.STC_ExecRamp
                0x000000000800597e       0x84 ./Middlewares/MotorControl/speed_torq_ctrl.o
                0x000000000800597e                STC_ExecRamp
 .text.STC_StopRamp
                0x0000000008005a02        0x8 ./Middlewares/MotorControl/speed_torq_ctrl.o
                0x0000000008005a02                STC_StopRamp
 .text.STC_CalcTorqueReference
                0x0000000008005a0a       0x56 ./Middlewares/MotorControl/speed_torq_ctrl.o
                0x0000000008005a0a                STC_CalcTorqueReference
 .text.STC_GetMecSpeedRefUnitDefault
                0x0000000008005a60        0x6 ./Middlewares/MotorControl/speed_torq_ctrl.o
                0x0000000008005a60                STC_GetMecSpeedRefUnitDefault
 .text.STC_GetMaxAppPositiveMecSpeedUnit
                0x0000000008005a66        0x4 ./Middlewares/MotorControl/speed_torq_ctrl.o
                0x0000000008005a66                STC_GetMaxAppPositiveMecSpeedUnit
 .text.STC_GetMinAppNegativeMecSpeedUnit
                0x0000000008005a6a        0x6 ./Middlewares/MotorControl/speed_torq_ctrl.o
                0x0000000008005a6a                STC_GetMinAppNegativeMecSpeedUnit
 .text.STC_GetDefaultIqdref
                0x0000000008005a70       0x10 ./Middlewares/MotorControl/speed_torq_ctrl.o
                0x0000000008005a70                STC_GetDefaultIqdref
 .text.STC_ForceSpeedReferenceToCurrentSpeed
                0x0000000008005a80       0x10 ./Middlewares/MotorControl/speed_torq_ctrl.o
                0x0000000008005a80                STC_ForceSpeedReferenceToCurrentSpeed
 .text.STM_Init
                0x0000000008005a90        0xa ./Middlewares/MotorControl/state_machine.o
                0x0000000008005a90                STM_Init
 .text.STM_FaultProcessing
                0x0000000008005a9a       0x2c ./Middlewares/MotorControl/state_machine.o
                0x0000000008005a9a                STM_FaultProcessing
 *fill*         0x0000000008005ac6        0x2 
 .text.STM_NextState
                0x0000000008005ac8       0xf0 ./Middlewares/MotorControl/state_machine.o
                0x0000000008005ac8                STM_NextState
 .text.STM_GetState
                0x0000000008005bb8        0x4 ./Middlewares/MotorControl/state_machine.o
                0x0000000008005bb8                STM_GetState
 .text.STM_FaultAcknowledged
                0x0000000008005bbc       0x14 ./Middlewares/MotorControl/state_machine.o
                0x0000000008005bbc                STM_FaultAcknowledged
 .text.STM_GetFaultState
                0x0000000008005bd0        0xa ./Middlewares/MotorControl/state_machine.o
                0x0000000008005bd0                STM_GetFaultState
 .text.UFCP_Init
                0x0000000008005bda        0x8 ./Middlewares/MotorControl/usart_frame_communication_protocol.o
                0x0000000008005bda                UFCP_Init
 .text.UFCP_TX_IRQ_Handler
                0x0000000008005be2       0x66 ./Middlewares/MotorControl/usart_frame_communication_protocol.o
                0x0000000008005be2                UFCP_TX_IRQ_Handler
 .text.UFCP_Receive
                0x0000000008005c48       0x30 ./Middlewares/MotorControl/usart_frame_communication_protocol.o
                0x0000000008005c48                UFCP_Receive
 .text.UFCP_Send
                0x0000000008005c78       0x58 ./Middlewares/MotorControl/usart_frame_communication_protocol.o
                0x0000000008005c78                UFCP_Send
 .text.UFCP_RX_IRQ_Handler
                0x0000000008005cd0       0xcc ./Middlewares/MotorControl/usart_frame_communication_protocol.o
                0x0000000008005cd0                UFCP_RX_IRQ_Handler
 .text.UFCP_OVR_IRQ_Handler
                0x0000000008005d9c       0x14 ./Middlewares/MotorControl/usart_frame_communication_protocol.o
                0x0000000008005d9c                UFCP_OVR_IRQ_Handler
 .text.UFCP_AbortReceive
                0x0000000008005db0        0x8 ./Middlewares/MotorControl/usart_frame_communication_protocol.o
                0x0000000008005db0                UFCP_AbortReceive
 .text.RUC_SetPhaseDurationms
                0x0000000008005db8        0xc ../../MCSDK_v5.4.8/MotorControl/lib\libmc-gcc_M0.lib(revup_ctrl.o)
                0x0000000008005db8                RUC_SetPhaseDurationms
 .text.RUC_SetPhaseFinalMecSpeedUnit
                0x0000000008005dc4        0xc ../../MCSDK_v5.4.8/MotorControl/lib\libmc-gcc_M0.lib(revup_ctrl.o)
                0x0000000008005dc4                RUC_SetPhaseFinalMecSpeedUnit
 .text.RUC_SetPhaseFinalTorque
                0x0000000008005dd0        0xc ../../MCSDK_v5.4.8/MotorControl/lib\libmc-gcc_M0.lib(revup_ctrl.o)
                0x0000000008005dd0                RUC_SetPhaseFinalTorque
 .text.RUC_GetPhaseDurationms
                0x0000000008005ddc        0xc ../../MCSDK_v5.4.8/MotorControl/lib\libmc-gcc_M0.lib(revup_ctrl.o)
                0x0000000008005ddc                RUC_GetPhaseDurationms
 .text.RUC_GetPhaseFinalMecSpeedUnit
                0x0000000008005de8       0x10 ../../MCSDK_v5.4.8/MotorControl/lib\libmc-gcc_M0.lib(revup_ctrl.o)
                0x0000000008005de8                RUC_GetPhaseFinalMecSpeedUnit
 .text.RUC_GetPhaseFinalTorque
                0x0000000008005df8       0x10 ../../MCSDK_v5.4.8/MotorControl/lib\libmc-gcc_M0.lib(revup_ctrl.o)
                0x0000000008005df8                RUC_GetPhaseFinalTorque
 .text.RUC_GetNumberOfPhases
                0x0000000008005e08        0x8 ../../MCSDK_v5.4.8/MotorControl/lib\libmc-gcc_M0.lib(revup_ctrl.o)
                0x0000000008005e08                RUC_GetNumberOfPhases
 .text.FD_Init  0x0000000008005e10       0x24 ../../MCSDK_v5.4.8/MotorControl/lib\libmc-gcc_M0.lib(fast_div.o)
                0x0000000008005e10                FD_Init
 .text.__errno  0x0000000008005e34        0xc c:/st/stm32cubeide_1.10.0/stm32cubeide/plugins/com.st.stm32cube.ide.mcu.externaltools.gnu-tools-for-stm32.10.3-2021.10.win32_1.0.0.202111181127/tools/bin/../lib/gcc/arm-none-eabi/10.3.1/../../../../arm-none-eabi/lib/thumb/v6-m/nofp\libc_nano.a(lib_a-errno.o)
                0x0000000008005e34                __errno
 .text.__libc_init_array
                0x0000000008005e40       0x48 c:/st/stm32cubeide_1.10.0/stm32cubeide/plugins/com.st.stm32cube.ide.mcu.externaltools.gnu-tools-for-stm32.10.3-2021.10.win32_1.0.0.202111181127/tools/bin/../lib/gcc/arm-none-eabi/10.3.1/../../../../arm-none-eabi/lib/thumb/v6-m/nofp\libc_nano.a(lib_a-init.o)
                0x0000000008005e40                __libc_init_array
 .text.memcpy   0x0000000008005e88       0x12 c:/st/stm32cubeide_1.10.0/stm32cubeide/plugins/com.st.stm32cube.ide.mcu.externaltools.gnu-tools-for-stm32.10.3-2021.10.win32_1.0.0.202111181127/tools/bin/../lib/gcc/arm-none-eabi/10.3.1/../../../../arm-none-eabi/lib/thumb/v6-m/nofp\libc_nano.a(lib_a-memcpy-stub.o)
                0x0000000008005e88                memcpy
 .text.memset   0x0000000008005e9a       0x10 c:/st/stm32cubeide_1.10.0/stm32cubeide/plugins/com.st.stm32cube.ide.mcu.externaltools.gnu-tools-for-stm32.10.3-2021.10.win32_1.0.0.202111181127/tools/bin/../lib/gcc/arm-none-eabi/10.3.1/../../../../arm-none-eabi/lib/thumb/v6-m/nofp\libc_nano.a(lib_a-memset.o)
                0x0000000008005e9a                memset
 *fill*         0x0000000008005eaa        0x2 
 .text.sprintf  0x0000000008005eac       0x40 c:/st/stm32cubeide_1.10.0/stm32cubeide/plugins/com.st.stm32cube.ide.mcu.externaltools.gnu-tools-for-stm32.10.3-2021.10.win32_1.0.0.202111181127/tools/bin/../lib/gcc/arm-none-eabi/10.3.1/../../../../arm-none-eabi/lib/thumb/v6-m/nofp\libc_nano.a(lib_a-sprintf.o)
                0x0000000008005eac                siprintf
                0x0000000008005eac                sprintf
 .text.__ssputs_r
                0x0000000008005eec       0xc4 c:/st/stm32cubeide_1.10.0/stm32cubeide/plugins/com.st.stm32cube.ide.mcu.externaltools.gnu-tools-for-stm32.10.3-2021.10.win32_1.0.0.202111181127/tools/bin/../lib/gcc/arm-none-eabi/10.3.1/../../../../arm-none-eabi/lib/thumb/v6-m/nofp\libc_nano.a(lib_a-nano-svfprintf.o)
                0x0000000008005eec                __ssputs_r
 .text._svfprintf_r
                0x0000000008005fb0      0x200 c:/st/stm32cubeide_1.10.0/stm32cubeide/plugins/com.st.stm32cube.ide.mcu.externaltools.gnu-tools-for-stm32.10.3-2021.10.win32_1.0.0.202111181127/tools/bin/../lib/gcc/arm-none-eabi/10.3.1/../../../../arm-none-eabi/lib/thumb/v6-m/nofp\libc_nano.a(lib_a-nano-svfprintf.o)
                0x0000000008005fb0                _svfiprintf_r
                0x0000000008005fb0                _svfprintf_r
 .text._printf_common
                0x00000000080061b0       0xde c:/st/stm32cubeide_1.10.0/stm32cubeide/plugins/com.st.stm32cube.ide.mcu.externaltools.gnu-tools-for-stm32.10.3-2021.10.win32_1.0.0.202111181127/tools/bin/../lib/gcc/arm-none-eabi/10.3.1/../../../../arm-none-eabi/lib/thumb/v6-m/nofp\libc_nano.a(lib_a-nano-vfprintf_i.o)
                0x00000000080061b0                _printf_common
 *fill*         0x000000000800628e        0x2 
 .text._printf_i
                0x0000000008006290      0x224 c:/st/stm32cubeide_1.10.0/stm32cubeide/plugins/com.st.stm32cube.ide.mcu.externaltools.gnu-tools-for-stm32.10.3-2021.10.win32_1.0.0.202111181127/tools/bin/../lib/gcc/arm-none-eabi/10.3.1/../../../../arm-none-eabi/lib/thumb/v6-m/nofp\libc_nano.a(lib_a-nano-vfprintf_i.o)
                0x0000000008006290                _printf_i
 .text.memchr   0x00000000080064b4       0x16 c:/st/stm32cubeide_1.10.0/stm32cubeide/plugins/com.st.stm32cube.ide.mcu.externaltools.gnu-tools-for-stm32.10.3-2021.10.win32_1.0.0.202111181127/tools/bin/../lib/gcc/arm-none-eabi/10.3.1/../../../../arm-none-eabi/lib/thumb/v6-m/nofp\libc_nano.a(lib_a-memchr-stub.o)
                0x00000000080064b4                memchr
 .text.memmove  0x00000000080064ca       0x26 c:/st/stm32cubeide_1.10.0/stm32cubeide/plugins/com.st.stm32cube.ide.mcu.externaltools.gnu-tools-for-stm32.10.3-2021.10.win32_1.0.0.202111181127/tools/bin/../lib/gcc/arm-none-eabi/10.3.1/../../../../arm-none-eabi/lib/thumb/v6-m/nofp\libc_nano.a(lib_a-memmove.o)
                0x00000000080064ca                memmove
 .text._free_r  0x00000000080064f0       0x94 c:/st/stm32cubeide_1.10.0/stm32cubeide/plugins/com.st.stm32cube.ide.mcu.externaltools.gnu-tools-for-stm32.10.3-2021.10.win32_1.0.0.202111181127/tools/bin/../lib/gcc/arm-none-eabi/10.3.1/../../../../arm-none-eabi/lib/thumb/v6-m/nofp\libc_nano.a(lib_a-nano-freer.o)
                0x00000000080064f0                _free_r
 .text.sbrk_aligned
                0x0000000008006584       0x44 c:/st/stm32cubeide_1.10.0/stm32cubeide/plugins/com.st.stm32cube.ide.mcu.externaltools.gnu-tools-for-stm32.10.3-2021.10.win32_1.0.0.202111181127/tools/bin/../lib/gcc/arm-none-eabi/10.3.1/../../../../arm-none-eabi/lib/thumb/v6-m/nofp\libc_nano.a(lib_a-nano-mallocr.o)
 .text._malloc_r
                0x00000000080065c8       0xec c:/st/stm32cubeide_1.10.0/stm32cubeide/plugins/com.st.stm32cube.ide.mcu.externaltools.gnu-tools-for-stm32.10.3-2021.10.win32_1.0.0.202111181127/tools/bin/../lib/gcc/arm-none-eabi/10.3.1/../../../../arm-none-eabi/lib/thumb/v6-m/nofp\libc_nano.a(lib_a-nano-mallocr.o)
                0x00000000080065c8                _malloc_r
 .text._realloc_r
                0x00000000080066b4       0x5e c:/st/stm32cubeide_1.10.0/stm32cubeide/plugins/com.st.stm32cube.ide.mcu.externaltools.gnu-tools-for-stm32.10.3-2021.10.win32_1.0.0.202111181127/tools/bin/../lib/gcc/arm-none-eabi/10.3.1/../../../../arm-none-eabi/lib/thumb/v6-m/nofp\libc_nano.a(lib_a-nano-reallocr.o)
                0x00000000080066b4                _realloc_r
 *fill*         0x0000000008006712        0x2 
 .text._sbrk_r  0x0000000008006714       0x24 c:/st/stm32cubeide_1.10.0/stm32cubeide/plugins/com.st.stm32cube.ide.mcu.externaltools.gnu-tools-for-stm32.10.3-2021.10.win32_1.0.0.202111181127/tools/bin/../lib/gcc/arm-none-eabi/10.3.1/../../../../arm-none-eabi/lib/thumb/v6-m/nofp\libc_nano.a(lib_a-sbrkr.o)
                0x0000000008006714                _sbrk_r
 .text.__malloc_lock
                0x0000000008006738       0x10 c:/st/stm32cubeide_1.10.0/stm32cubeide/plugins/com.st.stm32cube.ide.mcu.externaltools.gnu-tools-for-stm32.10.3-2021.10.win32_1.0.0.202111181127/tools/bin/../lib/gcc/arm-none-eabi/10.3.1/../../../../arm-none-eabi/lib/thumb/v6-m/nofp\libc_nano.a(lib_a-mlock.o)
                0x0000000008006738                __malloc_lock
 .text.__malloc_unlock
                0x0000000008006748       0x10 c:/st/stm32cubeide_1.10.0/stm32cubeide/plugins/com.st.stm32cube.ide.mcu.externaltools.gnu-tools-for-stm32.10.3-2021.10.win32_1.0.0.202111181127/tools/bin/../lib/gcc/arm-none-eabi/10.3.1/../../../../arm-none-eabi/lib/thumb/v6-m/nofp\libc_nano.a(lib_a-mlock.o)
                0x0000000008006748                __malloc_unlock
 .text._malloc_usable_size_r
                0x0000000008006758       0x10 c:/st/stm32cubeide_1.10.0/stm32cubeide/plugins/com.st.stm32cube.ide.mcu.externaltools.gnu-tools-for-stm32.10.3-2021.10.win32_1.0.0.202111181127/tools/bin/../lib/gcc/arm-none-eabi/10.3.1/../../../../arm-none-eabi/lib/thumb/v6-m/nofp\libc_nano.a(lib_a-nano-msizer.o)
                0x0000000008006758                _malloc_usable_size_r
 .text.__retarget_lock_acquire_recursive
                0x0000000008006768        0x2 c:/st/stm32cubeide_1.10.0/stm32cubeide/plugins/com.st.stm32cube.ide.mcu.externaltools.gnu-tools-for-stm32.10.3-2021.10.win32_1.0.0.202111181127/tools/bin/../lib/gcc/arm-none-eabi/10.3.1/../../../../arm-none-eabi/lib/thumb/v6-m/nofp\libc_nano.a(lib_a-lock.o)
                0x0000000008006768                __retarget_lock_acquire_recursive
 .text.__retarget_lock_release_recursive
                0x000000000800676a        0x2 c:/st/stm32cubeide_1.10.0/stm32cubeide/plugins/com.st.stm32cube.ide.mcu.externaltools.gnu-tools-for-stm32.10.3-2021.10.win32_1.0.0.202111181127/tools/bin/../lib/gcc/arm-none-eabi/10.3.1/../../../../arm-none-eabi/lib/thumb/v6-m/nofp\libc_nano.a(lib_a-lock.o)
                0x000000000800676a                __retarget_lock_release_recursive
 *(.glue_7)
 .glue_7        0x000000000800676c        0x0 linker stubs
 *(.glue_7t)
 .glue_7t       0x000000000800676c        0x0 linker stubs
 *(.eh_frame)
 .eh_frame      0x000000000800676c        0x0 c:/st/stm32cubeide_1.10.0/stm32cubeide/plugins/com.st.stm32cube.ide.mcu.externaltools.gnu-tools-for-stm32.10.3-2021.10.win32_1.0.0.202111181127/tools/bin/../lib/gcc/arm-none-eabi/10.3.1/thumb/v6-m/nofp/crtbegin.o
 *(.init)
 .init          0x000000000800676c        0x4 c:/st/stm32cubeide_1.10.0/stm32cubeide/plugins/com.st.stm32cube.ide.mcu.externaltools.gnu-tools-for-stm32.10.3-2021.10.win32_1.0.0.202111181127/tools/bin/../lib/gcc/arm-none-eabi/10.3.1/thumb/v6-m/nofp/crti.o
                0x000000000800676c                _init
 .init          0x0000000008006770        0x8 c:/st/stm32cubeide_1.10.0/stm32cubeide/plugins/com.st.stm32cube.ide.mcu.externaltools.gnu-tools-for-stm32.10.3-2021.10.win32_1.0.0.202111181127/tools/bin/../lib/gcc/arm-none-eabi/10.3.1/thumb/v6-m/nofp/crtn.o
 *(.fini)
 .fini          0x0000000008006778        0x4 c:/st/stm32cubeide_1.10.0/stm32cubeide/plugins/com.st.stm32cube.ide.mcu.externaltools.gnu-tools-for-stm32.10.3-2021.10.win32_1.0.0.202111181127/tools/bin/../lib/gcc/arm-none-eabi/10.3.1/thumb/v6-m/nofp/crti.o
                0x0000000008006778                _fini
 .fini          0x000000000800677c        0x8 c:/st/stm32cubeide_1.10.0/stm32cubeide/plugins/com.st.stm32cube.ide.mcu.externaltools.gnu-tools-for-stm32.10.3-2021.10.win32_1.0.0.202111181127/tools/bin/../lib/gcc/arm-none-eabi/10.3.1/thumb/v6-m/nofp/crtn.o
                0x0000000008006784                . = ALIGN (0x4)
                0x0000000008006784                _etext = .

.vfp11_veneer   0x0000000008006784        0x0
 .vfp11_veneer  0x0000000008006784        0x0 linker stubs

.v4_bx          0x0000000008006784        0x0
 .v4_bx         0x0000000008006784        0x0 linker stubs

.iplt           0x0000000008006784        0x0
 .iplt          0x0000000008006784        0x0 c:/st/stm32cubeide_1.10.0/stm32cubeide/plugins/com.st.stm32cube.ide.mcu.externaltools.gnu-tools-for-stm32.10.3-2021.10.win32_1.0.0.202111181127/tools/bin/../lib/gcc/arm-none-eabi/10.3.1/thumb/v6-m/nofp/crtbegin.o

.rodata         0x0000000008006784      0x404
                0x0000000008006784                . = ALIGN (0x4)
 *(.rodata)
 *(.rodata*)
 .rodata.Mode_Home.str1.1
                0x0000000008006784       0xbc ./Application/User/main.o
 .rodata.Mode_Home3.str1.1
                0x0000000008006840        0xf ./Application/User/main.o
 .rodata.main.str1.1
                0x000000000800684f       0x29 ./Application/User/main.o
 .rodata.MCM_Park.cst2
                0x0000000008006878        0x2 ./Application/User/mc_math.o
 .rodata.hSin_Cos_Table
                0x000000000800687a      0x200 ./Application/User/mc_math.o
                0x000000000800687a                hSin_Cos_Table
 *fill*         0x0000000008006a7a        0x2 
 .rodata.R3_1_Params
                0x0000000008006a7c       0x74 ./Application/User/mc_parameters.o
                0x0000000008006a7c                R3_1_Params
 .rodata.s_fwVer
                0x0000000008006af0       0x20 ./Application/User/motorcontrol.o
                0x0000000008006af0                s_fwVer
 .rodata.AHBPrescTable
                0x0000000008006b10       0x10 ./Drivers/CMSIS/system_stm32f0xx.o
                0x0000000008006b10                AHBPrescTable
 .rodata.APBPrescTable
                0x0000000008006b20        0x8 ./Drivers/CMSIS/system_stm32f0xx.o
                0x0000000008006b20                APBPrescTable
 .rodata.HAL_RCC_GetSysClockFreq.str1.1
                0x0000000008006b28       0x22 ./Drivers/STM32F0xx_HAL_Driver/stm32f0xx_hal_rcc.o
 .rodata.CSWTCH.59
                0x0000000008006b4a        0x3 ./Drivers/STM32F0xx_HAL_Driver/stm32f0xx_hal_uart.o
 *fill*         0x0000000008006b4d        0x1 
 .rodata.UFCP_Usart_Timeout_none
                0x0000000008006b4e        0x2 ./Middlewares/MotorControl/usart_frame_communication_protocol.o
 .rodata.UFCP_Usart_Timeout_start
                0x0000000008006b50        0x2 ./Middlewares/MotorControl/usart_frame_communication_protocol.o
 .rodata.UFCP_Usart_Timeout_stop
                0x0000000008006b52        0x2 ./Middlewares/MotorControl/usart_frame_communication_protocol.o
 .rodata._svfprintf_r.str1.1
                0x0000000008006b54       0x11 c:/st/stm32cubeide_1.10.0/stm32cubeide/plugins/com.st.stm32cube.ide.mcu.externaltools.gnu-tools-for-stm32.10.3-2021.10.win32_1.0.0.202111181127/tools/bin/../lib/gcc/arm-none-eabi/10.3.1/../../../../arm-none-eabi/lib/thumb/v6-m/nofp\libc_nano.a(lib_a-nano-svfprintf.o)
 .rodata._printf_i.str1.1
                0x0000000008006b65       0x22 c:/st/stm32cubeide_1.10.0/stm32cubeide/plugins/com.st.stm32cube.ide.mcu.externaltools.gnu-tools-for-stm32.10.3-2021.10.win32_1.0.0.202111181127/tools/bin/../lib/gcc/arm-none-eabi/10.3.1/../../../../arm-none-eabi/lib/thumb/v6-m/nofp\libc_nano.a(lib_a-nano-vfprintf_i.o)
                0x0000000008006b88                . = ALIGN (0x4)
 *fill*         0x0000000008006b87        0x1 

.rel.dyn        0x0000000008006b88        0x0
 .rel.iplt      0x0000000008006b88        0x0 c:/st/stm32cubeide_1.10.0/stm32cubeide/plugins/com.st.stm32cube.ide.mcu.externaltools.gnu-tools-for-stm32.10.3-2021.10.win32_1.0.0.202111181127/tools/bin/../lib/gcc/arm-none-eabi/10.3.1/thumb/v6-m/nofp/crtbegin.o

.ARM.extab      0x0000000008006b88        0x0
                0x0000000008006b88                . = ALIGN (0x4)
 *(.ARM.extab* .gnu.linkonce.armextab.*)
                0x0000000008006b88                . = ALIGN (0x4)

.ARM            0x0000000008006b88        0x0
                0x0000000008006b88                . = ALIGN (0x4)
                0x0000000008006b88                __exidx_start = .
 *(.ARM.exidx*)
                0x0000000008006b88                __exidx_end = .
                0x0000000008006b88                . = ALIGN (0x4)

.preinit_array  0x0000000008006b88        0x0
                0x0000000008006b88                . = ALIGN (0x4)
                0x0000000008006b88                PROVIDE (__preinit_array_start = .)
 *(.preinit_array*)
                0x0000000008006b88                PROVIDE (__preinit_array_end = .)
                0x0000000008006b88                . = ALIGN (0x4)

.init_array     0x0000000008006b88        0x4
                0x0000000008006b88                . = ALIGN (0x4)
                0x0000000008006b88                PROVIDE (__init_array_start = .)
 *(SORT_BY_NAME(.init_array.*))
 *(.init_array*)
 .init_array    0x0000000008006b88        0x4 c:/st/stm32cubeide_1.10.0/stm32cubeide/plugins/com.st.stm32cube.ide.mcu.externaltools.gnu-tools-for-stm32.10.3-2021.10.win32_1.0.0.202111181127/tools/bin/../lib/gcc/arm-none-eabi/10.3.1/thumb/v6-m/nofp/crtbegin.o
                0x0000000008006b8c                PROVIDE (__init_array_end = .)
                0x0000000008006b8c                . = ALIGN (0x4)

.fini_array     0x0000000008006b8c        0x4
                0x0000000008006b8c                . = ALIGN (0x4)
                [!provide]                        PROVIDE (__fini_array_start = .)
 *(SORT_BY_NAME(.fini_array.*))
 *(.fini_array*)
 .fini_array    0x0000000008006b8c        0x4 c:/st/stm32cubeide_1.10.0/stm32cubeide/plugins/com.st.stm32cube.ide.mcu.externaltools.gnu-tools-for-stm32.10.3-2021.10.win32_1.0.0.202111181127/tools/bin/../lib/gcc/arm-none-eabi/10.3.1/thumb/v6-m/nofp/crtbegin.o
                [!provide]                        PROVIDE (__fini_array_end = .)
                0x0000000008006b90                . = ALIGN (0x4)
                0x0000000008006b90                _sidata = LOADADDR (.data)

.data           0x0000000020000000      0x690 load address 0x0000000008006b90
                0x0000000020000000                . = ALIGN (0x4)
                0x0000000020000000                _sdata = .
 *(.data)
 *(.data*)
 .data.pulse    0x0000000020000000        0x2 ./Application/User/main.o
                0x0000000020000000                pulse
 .data.CircleLimitationM1
                0x0000000020000002       0xb4 ./Application/User/mc_config.o
                0x0000000020000002                CircleLimitationM1
 *fill*         0x00000000200000b6        0x2 
 .data.DAC_UI_Params
                0x00000000200000b8       0x3c ./Application/User/mc_config.o
                0x00000000200000b8                DAC_UI_Params
 .data.HALL_M1  0x00000000200000f4       0xc8 ./Application/User/mc_config.o
                0x00000000200000f4                HALL_M1
 .data.PIDIdHandle_M1
                0x00000000200001bc       0x2c ./Application/User/mc_config.o
                0x00000000200001bc                PIDIdHandle_M1
 .data.PIDIqHandle_M1
                0x00000000200001e8       0x2c ./Application/User/mc_config.o
                0x00000000200001e8                PIDIqHandle_M1
 .data.PIDSpeedHandle_M1
                0x0000000020000214       0x2c ./Application/User/mc_config.o
                0x0000000020000214                PIDSpeedHandle_M1
 .data.PQD_MotorPowMeasM1
                0x0000000020000240      0x114 ./Application/User/mc_config.o
                0x0000000020000240                PQD_MotorPowMeasM1
 .data.PWM_Handle_M1
                0x0000000020000354       0x7c ./Application/User/mc_config.o
                0x0000000020000354                PWM_Handle_M1
 .data.RampExtMngrHFParamsM1
                0x00000000200003d0       0x58 ./Application/User/mc_config.o
                0x00000000200003d0                RampExtMngrHFParamsM1
 .data.RealBusVoltageSensorParamsM1
                0x0000000020000428       0x28 ./Application/User/mc_config.o
                0x0000000020000428                RealBusVoltageSensorParamsM1
 .data.SpeednTorqCtrlM1
                0x0000000020000450       0x34 ./Application/User/mc_config.o
                0x0000000020000450                SpeednTorqCtrlM1
 .data.TempSensorParamsM1
                0x0000000020000484       0x28 ./Application/User/mc_config.o
                0x0000000020000484                TempSensorParamsM1
 .data.UI_Params
                0x00000000200004ac       0x30 ./Application/User/mc_config.o
                0x00000000200004ac                UI_Params
 .data.pUSART   0x00000000200004dc      0x13c ./Application/User/mc_config.o
                0x00000000200004dc                pUSART
 .data.wConfig  0x0000000020000618        0x4 ./Application/User/motorcontrol.o
                0x0000000020000618                wConfig
 .data.SystickDividerCounter.0
                0x000000002000061c        0x1 ./Application/User/stm32f0xx_mc_it.o
 *fill*         0x000000002000061d        0x1 
 .data.bCOMATRTimeCounter
                0x000000002000061e        0x2 ./Application/User/ui_task.o
 .data.SystemCoreClock
                0x0000000020000620        0x4 ./Drivers/CMSIS/system_stm32f0xx.o
                0x0000000020000620                SystemCoreClock
 .data.uwTickFreq
                0x0000000020000624        0x1 ./Drivers/STM32F0xx_HAL_Driver/stm32f0xx_hal.o
                0x0000000020000624                uwTickFreq
 *fill*         0x0000000020000625        0x3 
 .data.uwTickPrio
                0x0000000020000628        0x4 ./Drivers/STM32F0xx_HAL_Driver/stm32f0xx_hal.o
                0x0000000020000628                uwTickPrio
 .data._impure_ptr
                0x000000002000062c        0x4 c:/st/stm32cubeide_1.10.0/stm32cubeide/plugins/com.st.stm32cube.ide.mcu.externaltools.gnu-tools-for-stm32.10.3-2021.10.win32_1.0.0.202111181127/tools/bin/../lib/gcc/arm-none-eabi/10.3.1/../../../../arm-none-eabi/lib/thumb/v6-m/nofp\libc_nano.a(lib_a-impure.o)
                0x000000002000062c                _impure_ptr
 .data.impure_data
                0x0000000020000630       0x60 c:/st/stm32cubeide_1.10.0/stm32cubeide/plugins/com.st.stm32cube.ide.mcu.externaltools.gnu-tools-for-stm32.10.3-2021.10.win32_1.0.0.202111181127/tools/bin/../lib/gcc/arm-none-eabi/10.3.1/../../../../arm-none-eabi/lib/thumb/v6-m/nofp\libc_nano.a(lib_a-impure.o)
 *(.RamFunc)
 *(.RamFunc*)
                0x0000000020000690                . = ALIGN (0x4)
                0x0000000020000690                _edata = .

.igot.plt       0x0000000020000690        0x0 load address 0x0000000008007220
 .igot.plt      0x0000000020000690        0x0 c:/st/stm32cubeide_1.10.0/stm32cubeide/plugins/com.st.stm32cube.ide.mcu.externaltools.gnu-tools-for-stm32.10.3-2021.10.win32_1.0.0.202111181127/tools/bin/../lib/gcc/arm-none-eabi/10.3.1/thumb/v6-m/nofp/crtbegin.o
                0x0000000020000690                . = ALIGN (0x4)

.bss            0x0000000020000690      0x44c load address 0x0000000008007220
                0x0000000020000690                _sbss = .
                0x0000000020000690                __bss_start__ = _sbss
 *(.bss)
 .bss           0x0000000020000690       0x1c c:/st/stm32cubeide_1.10.0/stm32cubeide/plugins/com.st.stm32cube.ide.mcu.externaltools.gnu-tools-for-stm32.10.3-2021.10.win32_1.0.0.202111181127/tools/bin/../lib/gcc/arm-none-eabi/10.3.1/thumb/v6-m/nofp/crtbegin.o
 *(.bss*)
 .bss.Null_Offset
                0x00000000200006ac        0x2 ./Application/User/main.o
                0x00000000200006ac                Null_Offset
 .bss.buffer    0x00000000200006ae       0x14 ./Application/User/main.o
                0x00000000200006ae                buffer
 *fill*         0x00000000200006c2        0x2 
 .bss.hadc      0x00000000200006c4       0x40 ./Application/User/main.o
                0x00000000200006c4                hadc
 .bss.hdma_adc  0x0000000020000704       0x44 ./Application/User/main.o
                0x0000000020000704                hdma_adc
 .bss.htim1     0x0000000020000748       0x48 ./Application/User/main.o
                0x0000000020000748                htim1
 .bss.htim14    0x0000000020000790       0x48 ./Application/User/main.o
                0x0000000020000790                htim14
 .bss.htim2     0x00000000200007d8       0x48 ./Application/User/main.o
                0x00000000200007d8                htim2
 .bss.huart1    0x0000000020000820       0x84 ./Application/User/main.o
                0x0000000020000820                huart1
 .bss.RealBusVoltageSensorFilterBufferM1
                0x00000000200008a4       0x14 ./Application/User/mc_config.o
                0x00000000200008a4                RealBusVoltageSensorFilterBufferM1
 .bss.FOCVars   0x00000000200008b8       0x26 ./Application/User/mc_tasks.o
                0x00000000200008b8                FOCVars
 *fill*         0x00000000200008de        0x2 
 .bss.MCT       0x00000000200008e0       0x54 ./Application/User/mc_tasks.o
                0x00000000200008e0                MCT
 .bss.Mci       0x0000000020000934       0x1c ./Application/User/mc_tasks.o
                0x0000000020000934                Mci
 .bss.STM       0x0000000020000950        0x6 ./Application/User/mc_tasks.o
                0x0000000020000950                STM
 .bss.bMCBootCompleted
                0x0000000020000956        0x1 ./Application/User/mc_tasks.o
                0x0000000020000956                bMCBootCompleted
 *fill*         0x0000000020000957        0x1 
 .bss.hBootCapDelayCounterM1
                0x0000000020000958        0x2 ./Application/User/mc_tasks.o
 .bss.hMFTaskCounterM1
                0x000000002000095a        0x2 ./Application/User/mc_tasks.o
 .bss.hStopPermanencyCounterM1
                0x000000002000095c        0x2 ./Application/User/mc_tasks.o
 *fill*         0x000000002000095e        0x2 
 .bss.oMCInterface
                0x0000000020000960        0x4 ./Application/User/mc_tasks.o
                0x0000000020000960                oMCInterface
 .bss.pBusSensorM1
                0x0000000020000964        0x4 ./Application/User/mc_tasks.o
                0x0000000020000964                pBusSensorM1
 .bss.pCLM      0x0000000020000968        0x4 ./Application/User/mc_tasks.o
                0x0000000020000968                pCLM
 .bss.pMPM      0x000000002000096c        0x4 ./Application/User/mc_tasks.o
                0x000000002000096c                pMPM
 .bss.pPIDId    0x0000000020000970        0x4 ./Application/User/mc_tasks.o
                0x0000000020000970                pPIDId
 .bss.pPIDIq    0x0000000020000974        0x4 ./Application/User/mc_tasks.o
                0x0000000020000974                pPIDIq
 .bss.pPIDSpeed
                0x0000000020000978        0x4 ./Application/User/mc_tasks.o
                0x0000000020000978                pPIDSpeed
 .bss.pREMNG    0x000000002000097c        0x4 ./Application/User/mc_tasks.o
                0x000000002000097c                pREMNG
 .bss.pSTC      0x0000000020000980        0x4 ./Application/User/mc_tasks.o
                0x0000000020000980                pSTC
 .bss.pTemperatureSensor
                0x0000000020000984        0x4 ./Application/User/mc_tasks.o
                0x0000000020000984                pTemperatureSensor
 .bss.pwmcHandle
                0x0000000020000988        0x4 ./Application/User/mc_tasks.o
                0x0000000020000988                pwmcHandle
 .bss.MPInfo    0x000000002000098c        0x8 ./Application/User/motor_control_protocol.o
                0x000000002000098c                MPInfo
 .bss.pMCI      0x0000000020000994        0x4 ./Application/User/motorcontrol.o
                0x0000000020000994                pMCI
 .bss.pMCT      0x0000000020000998        0x4 ./Application/User/motorcontrol.o
                0x0000000020000998                pMCT
 .bss.RCM_CB_array
                0x000000002000099c       0x20 ./Application/User/regular_conversion_manager.o
                0x000000002000099c                RCM_CB_array
 .bss.RCM_NoInj_array
                0x00000000200009bc       0x18 ./Application/User/regular_conversion_manager.o
                0x00000000200009bc                RCM_NoInj_array
 .bss.RCM_UserConvHandle
                0x00000000200009d4        0x1 ./Application/User/regular_conversion_manager.o
                0x00000000200009d4                RCM_UserConvHandle
 .bss.RCM_UserConvState
                0x00000000200009d5        0x1 ./Application/User/regular_conversion_manager.o
                0x00000000200009d5                RCM_UserConvState
 .bss.RCM_UserConvValue
                0x00000000200009d6        0x2 ./Application/User/regular_conversion_manager.o
                0x00000000200009d6                RCM_UserConvValue
 .bss.RCM_currentHandle
                0x00000000200009d8        0x1 ./Application/User/regular_conversion_manager.o
                0x00000000200009d8                RCM_currentHandle
 *fill*         0x00000000200009d9        0x3 
 .bss.RCM_handle_array
                0x00000000200009dc       0x10 ./Application/User/regular_conversion_manager.o
                0x00000000200009dc                RCM_handle_array
 .bss.__sbrk_heap_end
                0x00000000200009ec        0x4 ./Application/User/sysmem.o
 .bss.MCP_UI_Params
                0x00000000200009f0       0xcc ./Application/User/ui_task.o
                0x00000000200009f0                MCP_UI_Params
 .bss.bCOMTimeoutCounter
                0x0000000020000abc        0x2 ./Application/User/ui_task.o
 .bss.bUITaskCounter
                0x0000000020000abe        0x2 ./Application/User/ui_task.o
 .bss.pDAC      0x0000000020000ac0        0x4 ./Application/User/ui_task.o
                0x0000000020000ac0                pDAC
 .bss.pMCP      0x0000000020000ac4        0x4 ./Application/User/ui_task.o
                0x0000000020000ac4                pMCP
 .bss.uwTick    0x0000000020000ac8        0x4 ./Drivers/STM32F0xx_HAL_Driver/stm32f0xx_hal.o
                0x0000000020000ac8                uwTick
 .bss.__malloc_free_list
                0x0000000020000acc        0x4 c:/st/stm32cubeide_1.10.0/stm32cubeide/plugins/com.st.stm32cube.ide.mcu.externaltools.gnu-tools-for-stm32.10.3-2021.10.win32_1.0.0.202111181127/tools/bin/../lib/gcc/arm-none-eabi/10.3.1/../../../../arm-none-eabi/lib/thumb/v6-m/nofp\libc_nano.a(lib_a-nano-mallocr.o)
                0x0000000020000acc                __malloc_free_list
 .bss.__malloc_sbrk_start
                0x0000000020000ad0        0x4 c:/st/stm32cubeide_1.10.0/stm32cubeide/plugins/com.st.stm32cube.ide.mcu.externaltools.gnu-tools-for-stm32.10.3-2021.10.win32_1.0.0.202111181127/tools/bin/../lib/gcc/arm-none-eabi/10.3.1/../../../../arm-none-eabi/lib/thumb/v6-m/nofp\libc_nano.a(lib_a-nano-mallocr.o)
                0x0000000020000ad0                __malloc_sbrk_start
 .bss.errno     0x0000000020000ad4        0x4 c:/st/stm32cubeide_1.10.0/stm32cubeide/plugins/com.st.stm32cube.ide.mcu.externaltools.gnu-tools-for-stm32.10.3-2021.10.win32_1.0.0.202111181127/tools/bin/../lib/gcc/arm-none-eabi/10.3.1/../../../../arm-none-eabi/lib/thumb/v6-m/nofp\libc_nano.a(lib_a-reent.o)
                0x0000000020000ad4                errno
 .bss.__lock___malloc_recursive_mutex
                0x0000000020000ad8        0x1 c:/st/stm32cubeide_1.10.0/stm32cubeide/plugins/com.st.stm32cube.ide.mcu.externaltools.gnu-tools-for-stm32.10.3-2021.10.win32_1.0.0.202111181127/tools/bin/../lib/gcc/arm-none-eabi/10.3.1/../../../../arm-none-eabi/lib/thumb/v6-m/nofp\libc_nano.a(lib_a-lock.o)
                0x0000000020000ad8                __lock___malloc_recursive_mutex
 *(COMMON)
                0x0000000020000adc                . = ALIGN (0x4)
 *fill*         0x0000000020000ad9        0x3 
                0x0000000020000adc                _ebss = .
                0x0000000020000adc                __bss_end__ = _ebss

._user_heap_stack
                0x0000000020000adc      0x484 load address 0x0000000008007220
                0x0000000020000ae0                . = ALIGN (0x8)
 *fill*         0x0000000020000adc        0x4 
                [!provide]                        PROVIDE (end = .)
                0x0000000020000ae0                PROVIDE (_end = .)
                0x0000000020000b60                . = (. + _Min_Heap_Size)
 *fill*         0x0000000020000ae0       0x80 
                0x0000000020000f60                . = (. + _Min_Stack_Size)
 *fill*         0x0000000020000b60      0x400 
                0x0000000020000f60                . = ALIGN (0x8)

/DISCARD/
 libc.a(*)
 libm.a(*)
 libgcc.a(*)

.ARM.attributes
                0x0000000000000000       0x28
 *(.ARM.attributes)
 .ARM.attributes
                0x0000000000000000       0x1e c:/st/stm32cubeide_1.10.0/stm32cubeide/plugins/com.st.stm32cube.ide.mcu.externaltools.gnu-tools-for-stm32.10.3-2021.10.win32_1.0.0.202111181127/tools/bin/../lib/gcc/arm-none-eabi/10.3.1/thumb/v6-m/nofp/crti.o
 .ARM.attributes
                0x000000000000001e       0x2c c:/st/stm32cubeide_1.10.0/stm32cubeide/plugins/com.st.stm32cube.ide.mcu.externaltools.gnu-tools-for-stm32.10.3-2021.10.win32_1.0.0.202111181127/tools/bin/../lib/gcc/arm-none-eabi/10.3.1/thumb/v6-m/nofp/crtbegin.o
 .ARM.attributes
                0x000000000000004a       0x21 ./Application/Startup/startup_stm32f031c6tx.o
 .ARM.attributes
                0x000000000000006b       0x2c ./Application/User/dac_rctimer_ui.o
 .ARM.attributes
                0x0000000000000097       0x2c ./Application/User/main.o
 .ARM.attributes
                0x00000000000000c3       0x2c ./Application/User/mc_api.o
 .ARM.attributes
                0x00000000000000ef       0x2c ./Application/User/mc_config.o
 .ARM.attributes
                0x000000000000011b       0x2c ./Application/User/mc_interface.o
 .ARM.attributes
                0x0000000000000147       0x2c ./Application/User/mc_math.o
 .ARM.attributes
                0x0000000000000173       0x2c ./Application/User/mc_parameters.o
 .ARM.attributes
                0x000000000000019f       0x2c ./Application/User/mc_tasks.o
 .ARM.attributes
                0x00000000000001cb       0x2c ./Application/User/motor_control_protocol.o
 .ARM.attributes
                0x00000000000001f7       0x2c ./Application/User/motorcontrol.o
 .ARM.attributes
                0x0000000000000223       0x2c ./Application/User/regular_conversion_manager.o
 .ARM.attributes
                0x000000000000024f       0x2c ./Application/User/stm32f0xx_hal_msp.o
 .ARM.attributes
                0x000000000000027b       0x2c ./Application/User/stm32f0xx_mc_it.o
 .ARM.attributes
                0x00000000000002a7       0x2c ./Application/User/sysmem.o
 .ARM.attributes
                0x00000000000002d3       0x2c ./Application/User/ui_task.o
 .ARM.attributes
                0x00000000000002ff       0x2c ./Application/User/user_interface.o
 .ARM.attributes
                0x000000000000032b       0x2c ./Drivers/CMSIS/system_stm32f0xx.o
 .ARM.attributes
                0x0000000000000357       0x2c ./Drivers/STM32F0xx_HAL_Driver/stm32f0xx_hal.o
 .ARM.attributes
                0x0000000000000383       0x2c ./Drivers/STM32F0xx_HAL_Driver/stm32f0xx_hal_adc.o
 .ARM.attributes
                0x00000000000003af       0x2c ./Drivers/STM32F0xx_HAL_Driver/stm32f0xx_hal_cortex.o
 .ARM.attributes
                0x00000000000003db       0x2c ./Drivers/STM32F0xx_HAL_Driver/stm32f0xx_hal_dma.o
 .ARM.attributes
                0x0000000000000407       0x2c ./Drivers/STM32F0xx_HAL_Driver/stm32f0xx_hal_gpio.o
 .ARM.attributes
                0x0000000000000433       0x2c ./Drivers/STM32F0xx_HAL_Driver/stm32f0xx_hal_rcc.o
 .ARM.attributes
                0x000000000000045f       0x2c ./Drivers/STM32F0xx_HAL_Driver/stm32f0xx_hal_rcc_ex.o
 .ARM.attributes
                0x000000000000048b       0x2c ./Drivers/STM32F0xx_HAL_Driver/stm32f0xx_hal_tim.o
 .ARM.attributes
                0x00000000000004b7       0x2c ./Drivers/STM32F0xx_HAL_Driver/stm32f0xx_hal_tim_ex.o
 .ARM.attributes
                0x00000000000004e3       0x2c ./Drivers/STM32F0xx_HAL_Driver/stm32f0xx_hal_uart.o
 .ARM.attributes
                0x000000000000050f       0x2c ./Middlewares/MotorControl/bus_voltage_sensor.o
 .ARM.attributes
                0x000000000000053b       0x2c ./Middlewares/MotorControl/circle_limitation.o
 .ARM.attributes
                0x0000000000000567       0x2c ./Middlewares/MotorControl/dac_common_ui.o
 .ARM.attributes
                0x0000000000000593       0x2c ./Middlewares/MotorControl/frame_communication_protocol.o
 .ARM.attributes
                0x00000000000005bf       0x2c ./Middlewares/MotorControl/hall_speed_pos_fdbk.o
 .ARM.attributes
                0x00000000000005eb       0x2c ./Middlewares/MotorControl/motor_power_measurement.o
 .ARM.attributes
                0x0000000000000617       0x2c ./Middlewares/MotorControl/ntc_temperature_sensor.o
 .ARM.attributes
                0x0000000000000643       0x2c ./Middlewares/MotorControl/pid_regulator.o
 .ARM.attributes
                0x000000000000066f       0x2c ./Middlewares/MotorControl/pqd_motor_power_measurement.o
 .ARM.attributes